Archive member included to satisfy reference by file (symbol)

c:/nxp/mcuxpressoide_11.2.0_4120/ide/plugins/com.nxp.mcuxpresso.tools.win32_11.2.0.202001021529/tools/bin/../lib/gcc/arm-none-eabi/9.2.1/../../../../arm-none-eabi/lib/thumb/v6-m/nofp\libcr_nohost_nf.a(_cr__main.o)
                              ./startup/startup_mkl25z4.o (__main)
c:/nxp/mcuxpressoide_11.2.0_4120/ide/plugins/com.nxp.mcuxpresso.tools.win32_11.2.0.202001021529/tools/bin/../lib/gcc/arm-none-eabi/9.2.1/../../../../arm-none-eabi/lib/thumb/v6-m/nofp\libcr_c.a(memcpy.o)
                              ./drivers/fsl_flash.o (memcpy)
c:/nxp/mcuxpressoide_11.2.0_4120/ide/plugins/com.nxp.mcuxpresso.tools.win32_11.2.0.202001021529/tools/bin/../lib/gcc/arm-none-eabi/9.2.1/../../../../arm-none-eabi/lib/thumb/v6-m/nofp\libcr_c.a(memset.o)
                              ./drivers/fsl_flash.o (memset)
c:/nxp/mcuxpressoide_11.2.0_4120/ide/plugins/com.nxp.mcuxpresso.tools.win32_11.2.0.202001021529/tools/bin/../lib/gcc/arm-none-eabi/9.2.1/../../../../arm-none-eabi/lib/thumb/v6-m/nofp\libcr_c.a(atan2.o)
                              ./source/mma8451.o (atan2)
c:/nxp/mcuxpressoide_11.2.0_4120/ide/plugins/com.nxp.mcuxpresso.tools.win32_11.2.0.202001021529/tools/bin/../lib/gcc/arm-none-eabi/9.2.1/../../../../arm-none-eabi/lib/thumb/v6-m/nofp\libcr_c.a(errno.o)
                              c:/nxp/mcuxpressoide_11.2.0_4120/ide/plugins/com.nxp.mcuxpresso.tools.win32_11.2.0.202001021529/tools/bin/../lib/gcc/arm-none-eabi/9.2.1/../../../../arm-none-eabi/lib/thumb/v6-m/nofp\libcr_c.a(atan2.o) (errno)
c:/nxp/mcuxpressoide_11.2.0_4120/ide/plugins/com.nxp.mcuxpresso.tools.win32_11.2.0.202001021529/tools/bin/../lib/gcc/arm-none-eabi/9.2.1/../../../../arm-none-eabi/lib/thumb/v6-m/nofp\libcr_c.a(fabs.o)
                              ./source/stabilizer.o (fabs)
c:/nxp/mcuxpressoide_11.2.0_4120/ide/plugins/com.nxp.mcuxpresso.tools.win32_11.2.0.202001021529/tools/bin/../lib/gcc/arm-none-eabi/9.2.1/../../../../arm-none-eabi/lib/thumb/v6-m/nofp\libcr_c.a(initio.o)
                              c:/nxp/mcuxpressoide_11.2.0_4120/ide/plugins/com.nxp.mcuxpresso.tools.win32_11.2.0.202001021529/tools/bin/../lib/gcc/arm-none-eabi/9.2.1/../../../../arm-none-eabi/lib/thumb/v6-m/nofp\libcr_nohost_nf.a(_cr__main.o) (_initio)
c:/nxp/mcuxpressoide_11.2.0_4120/ide/plugins/com.nxp.mcuxpresso.tools.win32_11.2.0.202001021529/tools/bin/../lib/gcc/arm-none-eabi/9.2.1/../../../../arm-none-eabi/lib/thumb/v6-m/nofp\libcr_c.a(modf.o)
                              ./utilities/fsl_debug_console.o (modf)
c:/nxp/mcuxpressoide_11.2.0_4120/ide/plugins/com.nxp.mcuxpresso.tools.win32_11.2.0.202001021529/tools/bin/../lib/gcc/arm-none-eabi/9.2.1/../../../../arm-none-eabi/lib/thumb/v6-m/nofp\libcr_c.a(pow.o)
                              ./utilities/fsl_debug_console.o (pow)
c:/nxp/mcuxpressoide_11.2.0_4120/ide/plugins/com.nxp.mcuxpresso.tools.win32_11.2.0.202001021529/tools/bin/../lib/gcc/arm-none-eabi/9.2.1/../../../../arm-none-eabi/lib/thumb/v6-m/nofp\libcr_c.a(setvbuf.o)
                              c:/nxp/mcuxpressoide_11.2.0_4120/ide/plugins/com.nxp.mcuxpresso.tools.win32_11.2.0.202001021529/tools/bin/../lib/gcc/arm-none-eabi/9.2.1/../../../../arm-none-eabi/lib/thumb/v6-m/nofp\libcr_c.a(initio.o) (setvbuf)
c:/nxp/mcuxpressoide_11.2.0_4120/ide/plugins/com.nxp.mcuxpresso.tools.win32_11.2.0.202001021529/tools/bin/../lib/gcc/arm-none-eabi/9.2.1/../../../../arm-none-eabi/lib/thumb/v6-m/nofp\libcr_c.a(sqrt.o)
                              ./source/mma8451.o (sqrt)
c:/nxp/mcuxpressoide_11.2.0_4120/ide/plugins/com.nxp.mcuxpresso.tools.win32_11.2.0.202001021529/tools/bin/../lib/gcc/arm-none-eabi/9.2.1/../../../../arm-none-eabi/lib/thumb/v6-m/nofp\libcr_c.a(strlen.o)
                              ./utilities/fsl_debug_console.o (strlen)
c:/nxp/mcuxpressoide_11.2.0_4120/ide/plugins/com.nxp.mcuxpresso.tools.win32_11.2.0.202001021529/tools/bin/../lib/gcc/arm-none-eabi/9.2.1/../../../../arm-none-eabi/lib/thumb/v6-m/nofp\libcr_c.a(_fdopen.o)
                              c:/nxp/mcuxpressoide_11.2.0_4120/ide/plugins/com.nxp.mcuxpresso.tools.win32_11.2.0.202001021529/tools/bin/../lib/gcc/arm-none-eabi/9.2.1/../../../../arm-none-eabi/lib/thumb/v6-m/nofp\libcr_c.a(initio.o) (_fdopen)
c:/nxp/mcuxpressoide_11.2.0_4120/ide/plugins/com.nxp.mcuxpresso.tools.win32_11.2.0.202001021529/tools/bin/../lib/gcc/arm-none-eabi/9.2.1/../../../../arm-none-eabi/lib/thumb/v6-m/nofp\libcr_c.a(atan.o)
                              c:/nxp/mcuxpressoide_11.2.0_4120/ide/plugins/com.nxp.mcuxpresso.tools.win32_11.2.0.202001021529/tools/bin/../lib/gcc/arm-none-eabi/9.2.1/../../../../arm-none-eabi/lib/thumb/v6-m/nofp\libcr_c.a(atan2.o) (atan)
c:/nxp/mcuxpressoide_11.2.0_4120/ide/plugins/com.nxp.mcuxpresso.tools.win32_11.2.0.202001021529/tools/bin/../lib/gcc/arm-none-eabi/9.2.1/../../../../arm-none-eabi/lib/thumb/v6-m/nofp\libcr_c.a(fclose.o)
[...]
Memory Configuration

Name             Origin             Length             Attributes
PROGRAM_FLASH    0x00000000         0x00020000         xr
SRAM             0x1ffff000         0x00004000         xrw
*default*        0x00000000         0xffffffff

Linker script and memory map

LOAD ./utilities/fsl_debug_console.o
LOAD ./startup/startup_mkl25z4.o
LOAD ./source/Drone_Stabilizer.o
LOAD ./source/GPIO_Interrupt.o
LOAD ./source/LEDs.o
LOAD ./source/PWM.o
LOAD ./source/callibrate.o
LOAD ./source/i2c.o
LOAD ./source/mma8451.o
LOAD ./source/mtb.o
LOAD ./source/semihost_hardfault.o
LOAD ./source/stabilizer.o
LOAD ./drivers/fsl_clock.o
LOAD ./drivers/fsl_common.o
LOAD ./drivers/fsl_flash.o
LOAD ./drivers/fsl_gpio.o
LOAD ./drivers/fsl_lpsci.o
LOAD ./drivers/fsl_smc.o
LOAD ./drivers/fsl_uart.o
LOAD ./board/board.o
LOAD ./board/clock_config.o
LOAD ./board/peripherals.o
LOAD ./board/pin_mux.o
LOAD ./CMSIS/system_MKL25Z4.o
START GROUP
LOAD c:/nxp/mcuxpressoide_11.2.0_4120/ide/plugins/com.nxp.mcuxpresso.tools.win32_11.2.0.202001021529/tools/bin/../lib/gcc/arm-none-eabi/9.2.1/../../../../arm-none-eabi/lib/thumb/v6-m/nofp\libcr_nohost_nf.a
LOAD c:/nxp/mcuxpressoide_11.2.0_4120/ide/plugins/com.nxp.mcuxpresso.tools.win32_11.2.0.202001021529/tools/bin/../lib/gcc/arm-none-eabi/9.2.1/../../../../arm-none-eabi/lib/thumb/v6-m/nofp\libcr_c.a
LOAD c:/nxp/mcuxpressoide_11.2.0_4120/ide/plugins/com.nxp.mcuxpresso.tools.win32_11.2.0.202001021529/tools/bin/../lib/gcc/arm-none-eabi/9.2.1/thumb/v6-m/nofp\libcr_eabihelpers.a
LOAD c:/nxp/mcuxpressoide_11.2.0_4120/ide/plugins/com.nxp.mcuxpresso.tools.win32_11.2.0.202001021529/tools/bin/../lib/gcc/arm-none-eabi/9.2.1/thumb/v6-m/nofp\libgcc.a
END GROUP
                0x00000000                __base_PROGRAM_FLASH = 0x0
                0x00000000                __base_Flash = 0x0
                0x00020000                __top_PROGRAM_FLASH = 0x20000
                0x00020000                __top_Flash = 0x20000
                0x1ffff000                __base_SRAM = 0x1ffff000
                0x1ffff000                __base_RAM = 0x1ffff000
                0x20003000                __top_SRAM = 0x20003000
                0x20003000                __top_RAM = 0x20003000

.text           0x00000000     0x4d34
 FILL mask 0xff
                0x00000000                __vectors_start__ = ABSOLUTE (.)
 *(SORT_BY_ALIGNMENT(.isr_vector))
 .isr_vector    0x00000000       0xc0 ./startup/startup_mkl25z4.o
                0x00000000                g_pfnVectors
                0x00000000                __Vectors
                0x000000c0                . = ALIGN (0x4)
                0x000000c0                __section_table_start = .
                0x000000c0                __data_section_table = .
                0x000000c0        0x4 LONG 0x4d34 LOADADDR (.data)
                0x000000c4        0x4 LONG 0x1ffff080 ADDR (.data)
                0x000000c8        0x4 LONG 0x8 SIZEOF (.data)
                0x000000cc                __data_section_table_end = .
                0x000000cc                __bss_section_table = .
                0x000000cc        0x4 LONG 0x1ffff088 ADDR (.bss)
                0x000000d0        0x4 LONG 0x104 SIZEOF (.bss)
                0x000000d4                __bss_section_table_end = .
                0x000000d4                __section_table_end = .
 *(SORT_BY_ALIGNMENT(.after_vectors*))
 .after_vectors.reset
                0x000000d4       0x4c ./startup/startup_mkl25z4.o
                0x000000d4                ResetISR
 .after_vectors.init_data
                0x00000120       0x12 ./startup/startup_mkl25z4.o
                0x00000120                data_init
 .after_vectors.init_bss
                0x00000132       0x10 ./startup/startup_mkl25z4.o
                0x00000132                bss_init
 .after_vectors
                0x00000142      0x10c ./startup/startup_mkl25z4.o
                0x00000142                NMI_Handler
                0x00000146                SVC_Handler
                0x00000148                PendSV_Handler
                0x0000014a                SysTick_Handler
                0x0000014c                LPTMR0_DriverIRQHandler
                0x0000014c                Reserved39_DriverIRQHandler
                0x0000014c                DMA0_DriverIRQHandler
                0x0000014c                SPI1_DriverIRQHandler
                0x0000014c                I2C0_DriverIRQHandler
                0x0000014c                PORTD_DriverIRQHandler
                0x0000014c                DMA2_DriverIRQHandler
                0x0000014c                CMP0_DriverIRQHandler
                0x0000014c                TPM2_DriverIRQHandler
                0x0000014c                ADC0_DriverIRQHandler
                0x0000014c                SPI0_DriverIRQHandler
                0x0000014c                TSI0_DriverIRQHandler
                0x0000014c                RTC_Seconds_DriverIRQHandler
                0x0000014c                I2C1_DriverIRQHandler
                0x0000014c                DMA1_DriverIRQHandler
                0x0000014c                LLWU_DriverIRQHandler
                0x0000014c                MCG_DriverIRQHandler
                0x0000014c                PIT_DriverIRQHandler
                0x0000014c                RTC_DriverIRQHandler
                0x0000014c                TPM1_DriverIRQHandler
                0x0000014c                FTFA_DriverIRQHandler
                0x0000014c                IntDefaultHandler
                0x0000014c                USB0_DriverIRQHandler
                0x0000014c                DAC0_DriverIRQHandler
                0x0000014c                LVD_LVW_DriverIRQHandler
                0x0000014c                TPM0_DriverIRQHandler
                0x0000014c                PORTA_DriverIRQHandler
                0x0000014c                Reserved45_DriverIRQHandler
                0x0000014c                Reserved20_DriverIRQHandler
                0x0000014c                DMA3_DriverIRQHandler
                0x0000014e                DMA0_IRQHandler
                0x00000156                DMA1_IRQHandler
                0x0000015e                DMA2_IRQHandler
                0x00000166                DMA3_IRQHandler
                0x0000016e                Reserved20_IRQHandler
                0x00000176                FTFA_IRQHandler
                0x0000017e                LVD_LVW_IRQHandler
                0x00000186                LLWU_IRQHandler
                0x0000018e                I2C0_IRQHandler
                0x00000196                I2C1_IRQHandler
                0x0000019e                SPI0_IRQHandler
                0x000001a6                SPI1_IRQHandler
                0x000001ae                UART0_IRQHandler
                0x000001b6                UART1_IRQHandler
                0x000001be                UART2_IRQHandler
                0x000001c6                ADC0_IRQHandler
                0x000001ce                CMP0_IRQHandler
                0x000001d6                TPM0_IRQHandler
                0x000001de                TPM1_IRQHandler
                0x000001e6                TPM2_IRQHandler
                0x000001ee                RTC_IRQHandler
                0x000001f6                RTC_Seconds_IRQHandler
                0x000001fe                PIT_IRQHandler
                0x00000206                Reserved39_IRQHandler
                0x0000020e                USB0_IRQHandler
                0x00000216                DAC0_IRQHandler
                0x0000021e                TSI0_IRQHandler
                0x00000226                MCG_IRQHandler
                0x0000022e                LPTMR0_IRQHandler
                0x00000236                Reserved45_IRQHandler
                0x0000023e                PORTA_IRQHandler
                0x00000400                . = 0x400
 *fill*         0x0000024e      0x1b2 ff
                0x00000400                PROVIDE (__FLASH_CONFIG_START__ = .)
 *(SORT_BY_ALIGNMENT(.FlashConfig))
 .FlashConfig   0x00000400       0x10 ./startup/startup_mkl25z4.o
                0x00000400                Flash_Config
                0x00000410                PROVIDE (__FLASH_CONFIG_END__ = .)
                0x00000001                ASSERT (! ((__FLASH_CONFIG_START__ == __FLASH_CONFIG_END__)), Linker Flash Config Support Enabled, but no .FlashConfig section provided within application)
 *(SORT_BY_ALIGNMENT(.text*))
 .text.DbgConsole_Init
                0x00000410       0xf4 ./utilities/fsl_debug_console.o
                0x00000410                DbgConsole_Init
 .text.DbgConsole_Printf
                0x00000504       0x44 ./utilities/fsl_debug_console.o
                0x00000504                DbgConsole_Printf
 .text.DbgConsole_Putchar
                0x00000548       0x34 ./utilities/fsl_debug_console.o
                0x00000548                DbgConsole_Putchar
 .text.DbgConsole_ConvertFloatRadixNumToString
                0x0000057c      0x28c ./utilities/fsl_debug_console.o
 .text.main     0x00000808       0x68 ./source/Drone_Stabilizer.o
                0x00000808                main
 .text.NVIC_EnableIRQ
                0x00000870       0x2c ./source/GPIO_Interrupt.o
 .text.NVIC_DisableIRQ
                0x0000089c       0x30 ./source/GPIO_Interrupt.o
 .text.GPIO_Int_Init
                0x000008cc       0x80 ./source/GPIO_Interrupt.o
                0x000008cc                GPIO_Int_Init
 .text.PORTD_IRQHandler
                0x0000094c       0x34 ./source/GPIO_Interrupt.o
                0x0000094c                PORTD_IRQHandler
 .text.Init_RGB_LEDs
                0x00000980       0xa0 ./source/LEDs.o
                0x00000980                Init_RGB_LEDs
 .text.Control_RGB_LEDs
                0x00000a20       0x60 ./source/LEDs.o
                0x00000a20                Control_RGB_LEDs
 .text.Init_Blue_LED_PWM
                0x00000a80       0xbc ./source/PWM.o
 .text.Init_Red_LED_PWM
                0x00000b3c       0xbc ./source/PWM.o
 .text.Init_Green_LED_PWM
                0x00000bf8       0xbc ./source/PWM.o
 .text.Write_LED
                0x00000cb4       0x30 ./source/PWM.o
                0x00000cb4                Write_LED
 .text.acc_callibrate
                0x00000ce4      0x168 ./source/callibrate.o
                0x00000ce4                acc_callibrate
 .text.i2c_init
                0x00000e4c       0x84 ./source/i2c.o
                0x00000e4c                i2c_init
 .text.i2c_busy
                0x00000ed0      0x174 ./source/i2c.o
                0x00000ed0                i2c_busy
 .text.i2c_wait
                0x00001044       0x6c ./source/i2c.o
                0x00001044                i2c_wait
 .text.i2c_start
                0x000010b0       0x30 ./source/i2c.o
                0x000010b0                i2c_start
 .text.i2c_read_setup
                0x000010e0       0x68 ./source/i2c.o
                0x000010e0                i2c_read_setup
 .text.i2c_repeated_read
                0x00001148       0x80 ./source/i2c.o
                0x00001148                i2c_repeated_read
 .text.i2c_write_byte
                0x000011c8       0x80 ./source/i2c.o
                0x000011c8                i2c_write_byte
 .text.read_full_xyz
                0x00001248       0xd8 ./source/mma8451.o
                0x00001248                read_full_xyz
 .text.convert_xyz_to_roll_pitch
                0x00001320      0x1ac ./source/mma8451.o
                0x00001320                convert_xyz_to_roll_pitch
 .text.HardFault_Handler
                0x000014cc       0x30 ./source/semihost_hardfault.o
                0x000014cc                HardFault_Handler
 .text.Roll_Detector
                0x000014fc       0x74 ./source/stabilizer.o
                0x000014fc                Roll_Detector
 .text.Pitch_Detector
                0x00001570       0x74 ./source/stabilizer.o
                0x00001570                Pitch_Detector
 .text.CLOCK_SetEr32kClock
                0x000015e4       0x34 ./drivers/fsl_clock.o
 .text.CLOCK_SetPllFllSelClock
                0x00001618       0x38 ./drivers/fsl_clock.o
 .text.CLOCK_GetMcgExtClkFreq
                0x00001650       0x28 ./drivers/fsl_clock.o
 .text.CLOCK_GetFllExtRefClkFreq
                0x00001678       0xa8 ./drivers/fsl_clock.o
 .text.CLOCK_GetFllRefClkFreq
                0x00001720       0x2c ./drivers/fsl_clock.o
 .text.CLOCK_GetOscRangeFromFreq
                0x0000174c       0x4c ./drivers/fsl_clock.o
 .text.CLOCK_GetPllFllSelClkFreq
                0x00001798       0x4c ./drivers/fsl_clock.o
                0x00001798                CLOCK_GetPllFllSelClkFreq
 .text.CLOCK_SetSimConfig
                0x000017e4       0x38 ./drivers/fsl_clock.o
                0x000017e4                CLOCK_SetSimConfig
 .text.CLOCK_GetFllFreq
                0x0000181c       0x84 ./drivers/fsl_clock.o
                0x0000181c                CLOCK_GetFllFreq
 .text.CLOCK_GetPll0Freq
                0x000018a0       0x70 ./drivers/fsl_clock.o
                0x000018a0                CLOCK_GetPll0Freq
 .text.CLOCK_SetInternalRefClkConfig
                0x00001910      0x124 ./drivers/fsl_clock.o
                0x00001910                CLOCK_SetInternalRefClkConfig
 .text.CLOCK_EnablePll0
                0x00001a34       0x94 ./drivers/fsl_clock.o
                0x00001a34                CLOCK_EnablePll0
 .text.CLOCK_InitOsc0
                0x00001ac8       0x94 ./drivers/fsl_clock.o
                0x00001ac8                CLOCK_InitOsc0
 .text.CLOCK_SetPbeMode
                0x00001b5c       0xb0 ./drivers/fsl_clock.o
                0x00001b5c                CLOCK_SetPbeMode
 .text.CLOCK_BootToPeeMode
                0x00001c0c       0x70 ./drivers/fsl_clock.o
                0x00001c0c                CLOCK_BootToPeeMode
 .text.__assertion_failed
                0x00001c7c       0x1c ./drivers/fsl_common.o
                0x00001c7c                __assertion_failed
 .text.CLOCK_EnableClock
                0x00001c98       0x34 ./drivers/fsl_lpsci.o
 .text.LPSCI_GetInstance
                0x00001ccc       0x48 ./drivers/fsl_lpsci.o
                0x00001ccc                LPSCI_GetInstance
 .text.LPSCI_Init
                0x00001d14      0x258 ./drivers/fsl_lpsci.o
                0x00001d14                LPSCI_Init
 .text.LPSCI_GetDefaultConfig
                0x00001f6c       0x44 ./drivers/fsl_lpsci.o
                0x00001f6c                LPSCI_GetDefaultConfig
 .text.LPSCI_ClearStatusFlags
                0x00001fb0       0x94 ./drivers/fsl_lpsci.o
                0x00001fb0                LPSCI_ClearStatusFlags
 .text.LPSCI_WriteBlocking
                0x00002044       0x4c ./drivers/fsl_lpsci.o
                0x00002044                LPSCI_WriteBlocking
 .text.LPSCI_ReadBlocking
                0x00002090       0xc0 ./drivers/fsl_lpsci.o
                0x00002090                LPSCI_ReadBlocking
 .text.UART0_DriverIRQHandler
                0x00002150       0x24 ./drivers/fsl_lpsci.o
                0x00002150                UART0_DriverIRQHandler
 .text.CLOCK_EnableClock
                0x00002174       0x34 ./drivers/fsl_uart.o
 .text.UART_GetInstance
                0x000021a8       0x54 ./drivers/fsl_uart.o
                0x000021a8                UART_GetInstance
 .text.UART_Init
                0x000021fc      0x1e0 ./drivers/fsl_uart.o
                0x000021fc                UART_Init
 .text.UART_GetDefaultConfig
                0x000023dc       0x44 ./drivers/fsl_uart.o
                0x000023dc                UART_GetDefaultConfig
 .text.UART_ReadBlocking
                0x00002420       0x98 ./drivers/fsl_uart.o
                0x00002420                UART_ReadBlocking
 .text.UART1_DriverIRQHandler
                0x000024b8       0x24 ./drivers/fsl_uart.o
                0x000024b8                UART1_DriverIRQHandler
 .text.UART2_DriverIRQHandler
                0x000024dc       0x24 ./drivers/fsl_uart.o
                0x000024dc                UART2_DriverIRQHandler
 .text.CLOCK_SetLpsci0Clock
                0x00002500       0x38 ./board/board.o
 .text.BOARD_InitDebugConsole
                0x00002538       0x30 ./board/board.o
                0x00002538                BOARD_InitDebugConsole
 .text.CLOCK_SetSimSafeDivs
                0x00002568       0x20 ./board/clock_config.o
 .text.CLOCK_SetXtal0Freq
                0x00002588       0x1c ./board/clock_config.o
 .text.CLOCK_CONFIG_SetFllExtRefDiv
                0x000025a4       0x3c ./board/clock_config.o
 .text.BOARD_BootClockRUN
                0x000025e0       0x64 ./board/clock_config.o
                0x000025e0                BOARD_BootClockRUN
 .text.CLOCK_EnableClock
                0x00002644       0x34 ./board/pin_mux.o
 .text.PORT_SetPinMux
                0x00002678       0x40 ./board/pin_mux.o
 .text.BOARD_InitPins
                0x000026b8       0x4c ./board/pin_mux.o
                0x000026b8                BOARD_InitPins
 .text.SystemInit
                0x00002704       0x18 ./CMSIS/system_MKL25Z4.o
                0x00002704                SystemInit
 .text.atan2    0x0000271c      0x108 c:/nxp/mcuxpressoide_11.2.0_4120/ide/plugins/com.nxp.mcuxpresso.tools.win32_11.2.0.202001021529/tools/bin/../lib/gcc/arm-none-eabi/9.2.1/../../../../arm-none-eabi/lib/thumb/v6-m/nofp\libcr_c.a(atan2.o)
                0x0000271c                atan2
 .text._initio  0x00002824       0x7c c:/nxp/mcuxpressoide_11.2.0_4120/ide/plugins/com.nxp.mcuxpresso.tools.win32_11.2.0.202001021529/tools/bin/../lib/gcc/arm-none-eabi/9.2.1/../../../../arm-none-eabi/lib/thumb/v6-m/nofp\libcr_c.a(initio.o)
                0x00002824                _initio
 .text.modf     0x000028a0       0x9c c:/nxp/mcuxpressoide_11.2.0_4120/ide/plugins/com.nxp.mcuxpresso.tools.win32_11.2.0.202001021529/tools/bin/../lib/gcc/arm-none-eabi/9.2.1/../../../../arm-none-eabi/lib/thumb/v6-m/nofp\libcr_c.a(modf.o)
                0x000028a0                modf
 .text.pow      0x0000293c      0x548 c:/nxp/mcuxpressoide_11.2.0_4120/ide/plugins/com.nxp.mcuxpresso.tools.win32_11.2.0.202001021529/tools/bin/../lib/gcc/arm-none-eabi/9.2.1/../../../../arm-none-eabi/lib/thumb/v6-m/nofp\libcr_c.a(pow.o)
                0x0000293c                pow
 .text.setvbuf  0x00002e84       0x4c c:/nxp/mcuxpressoide_11.2.0_4120/ide/plugins/com.nxp.mcuxpresso.tools.win32_11.2.0.202001021529/tools/bin/../lib/gcc/arm-none-eabi/9.2.1/../../../../arm-none-eabi/lib/thumb/v6-m/nofp\libcr_c.a(setvbuf.o)
                0x00002e84                setvbuf
 .text.sqrt     0x00002ed0      0x130 c:/nxp/mcuxpressoide_11.2.0_4120/ide/plugins/com.nxp.mcuxpresso.tools.win32_11.2.0.202001021529/tools/bin/../lib/gcc/arm-none-eabi/9.2.1/../../../../arm-none-eabi/lib/thumb/v6-m/nofp\libcr_c.a(sqrt.o)
                0x00002ed0                sqrt
 .text.strlen   0x00003000       0x58 c:/nxp/mcuxpressoide_11.2.0_4120/ide/plugins/com.nxp.mcuxpresso.tools.win32_11.2.0.202001021529/tools/bin/../lib/gcc/arm-none-eabi/9.2.1/../../../../arm-none-eabi/lib/thumb/v6-m/nofp\libcr_c.a(strlen.o)
                0x00003000                strlen
 .text._fdopen  0x00003058       0x74 c:/nxp/mcuxpressoide_11.2.0_4120/ide/plugins/com.nxp.mcuxpresso.tools.win32_11.2.0.202001021529/tools/bin/../lib/gcc/arm-none-eabi/9.2.1/../../../../arm-none-eabi/lib/thumb/v6-m/nofp\libcr_c.a(_fdopen.o)
                0x00003058                _fdopen
 .text.atan     0x000030cc      0x204 c:/nxp/mcuxpressoide_11.2.0_4120/ide/plugins/com.nxp.mcuxpresso.tools.win32_11.2.0.202001021529/tools/bin/../lib/gcc/arm-none-eabi/9.2.1/../../../../arm-none-eabi/lib/thumb/v6-m/nofp\libcr_c.a(atan.o)
                0x000030cc                atan
 .text.fclose   0x000032d0       0x5c c:/nxp/mcuxpressoide_11.2.0_4120/ide/plugins/com.nxp.mcuxpresso.tools.win32_11.2.0.202001021529/tools/bin/../lib/gcc/arm-none-eabi/9.2.1/../../../../arm-none-eabi/lib/thumb/v6-m/nofp\libcr_c.a(fclose.o)
                0x000032d0                fclose
 .text.fflush   0x0000332c       0x44 c:/nxp/mcuxpressoide_11.2.0_4120/ide/plugins/com.nxp.mcuxpresso.tools.win32_11.2.0.202001021529/tools/bin/../lib/gcc/arm-none-eabi/9.2.1/../../../../arm-none-eabi/lib/thumb/v6-m/nofp\libcr_c.a(fflush.o)
                0x0000332c                fflush
 .text.frexp    0x00003370       0x80 c:/nxp/mcuxpressoide_11.2.0_4120/ide/plugins/com.nxp.mcuxpresso.tools.win32_11.2.0.202001021529/tools/bin/../lib/gcc/arm-none-eabi/9.2.1/../../../../arm-none-eabi/lib/thumb/v6-m/nofp\libcr_c.a(frexp.o)
                0x00003370                frexp
 .text.fseek    0x000033f0       0xf4 c:/nxp/mcuxpressoide_11.2.0_4120/ide/plugins/com.nxp.mcuxpresso.tools.win32_11.2.0.202001021529/tools/bin/../lib/gcc/arm-none-eabi/9.2.1/../../../../arm-none-eabi/lib/thumb/v6-m/nofp\libcr_c.a(fseek.o)
                0x000033f0                fseek
 .text.ftell    0x000034e4       0x48 c:/nxp/mcuxpressoide_11.2.0_4120/ide/plugins/com.nxp.mcuxpresso.tools.win32_11.2.0.202001021529/tools/bin/../lib/gcc/arm-none-eabi/9.2.1/../../../../arm-none-eabi/lib/thumb/v6-m/nofp\libcr_c.a(ftell.o)
                0x000034e4                ftell
 .text.ldexp    0x0000352c       0x58 c:/nxp/mcuxpressoide_11.2.0_4120/ide/plugins/com.nxp.mcuxpresso.tools.win32_11.2.0.202001021529/tools/bin/../lib/gcc/arm-none-eabi/9.2.1/../../../../arm-none-eabi/lib/thumb/v6-m/nofp\libcr_c.a(ldexp.o)
                0x0000352c                ldexp
 .text._do_fflush
                0x00003584       0x48 c:/nxp/mcuxpressoide_11.2.0_4120/ide/plugins/com.nxp.mcuxpresso.tools.win32_11.2.0.202001021529/tools/bin/../lib/gcc/arm-none-eabi/9.2.1/../../../../arm-none-eabi/lib/thumb/v6-m/nofp\libcr_c.a(_do_fflush.o)
                0x00003584                _do_fflush
 .text._fflush  0x000035cc       0x60 c:/nxp/mcuxpressoide_11.2.0_4120/ide/plugins/com.nxp.mcuxpresso.tools.win32_11.2.0.202001021529/tools/bin/../lib/gcc/arm-none-eabi/9.2.1/../../../../arm-none-eabi/lib/thumb/v6-m/nofp\libcr_c.a(_fflush.o)
                0x000035cc                _fflush
 .text._Cwritebuf
                0x0000362c       0x68 c:/nxp/mcuxpressoide_11.2.0_4120/ide/plugins/com.nxp.mcuxpresso.tools.win32_11.2.0.202001021529/tools/bin/../lib/gcc/arm-none-eabi/9.2.1/../../../../arm-none-eabi/lib/thumb/v6-m/nofp\libcr_c.a(_writebuf.o)
                0x0000362c                _Cwritebuf
 .text._deferredlazyseek
                0x00003694       0x40 c:/nxp/mcuxpressoide_11.2.0_4120/ide/plugins/com.nxp.mcuxpresso.tools.win32_11.2.0.202001021529/tools/bin/../lib/gcc/arm-none-eabi/9.2.1/../../../../arm-none-eabi/lib/thumb/v6-m/nofp\libcr_c.a(_deferredlazyseek.o)
                0x00003694                _deferredlazyseek
 .text.__aeabi_dmul
                0x000036d4      0x184 c:/nxp/mcuxpressoide_11.2.0_4120/ide/plugins/com.nxp.mcuxpresso.tools.win32_11.2.0.202001021529/tools/bin/../lib/gcc/arm-none-eabi/9.2.1/thumb/v6-m/nofp\libcr_eabihelpers.a(double.o)
                0x000036d4                __aeabi_dmul
 .text.__aeabi_ddiv
                0x00003858      0x150 c:/nxp/mcuxpressoide_11.2.0_4120/ide/plugins/com.nxp.mcuxpresso.tools.win32_11.2.0.202001021529/tools/bin/../lib/gcc/arm-none-eabi/9.2.1/thumb/v6-m/nofp\libcr_eabihelpers.a(double.o)
                0x00003858                __aeabi_ddiv
 .text.__aeabi_dsub
                0x000039a8      0x1e4 c:/nxp/mcuxpressoide_11.2.0_4120/ide/plugins/com.nxp.mcuxpresso.tools.win32_11.2.0.202001021529/tools/bin/../lib/gcc/arm-none-eabi/9.2.1/thumb/v6-m/nofp\libcr_eabihelpers.a(double.o)
                0x000039a8                __aeabi_dsub
 .text.__aeabi_dadd
                0x00003b8c      0x134 c:/nxp/mcuxpressoide_11.2.0_4120/ide/plugins/com.nxp.mcuxpresso.tools.win32_11.2.0.202001021529/tools/bin/../lib/gcc/arm-none-eabi/9.2.1/thumb/v6-m/nofp\libcr_eabihelpers.a(double.o)
                0x00003b8c                __aeabi_dadd
 .text.__aeabi_d2iz
                0x00003cc0       0x50 c:/nxp/mcuxpressoide_11.2.0_4120/ide/plugins/com.nxp.mcuxpresso.tools.win32_11.2.0.202001021529/tools/bin/../lib/gcc/arm-none-eabi/9.2.1/thumb/v6-m/nofp\libcr_eabihelpers.a(double.o)
                0x00003cc0                __aeabi_d2iz
 .text.__aeabi_d2lz
                0x00003d10       0x80 c:/nxp/mcuxpressoide_11.2.0_4120/ide/plugins/com.nxp.mcuxpresso.tools.win32_11.2.0.202001021529/tools/bin/../lib/gcc/arm-none-eabi/9.2.1/thumb/v6-m/nofp\libcr_eabihelpers.a(double.o)
                0x00003d10                __aeabi_d2lz
 .text.__bhs_ul2d
                0x00003d90       0xac c:/nxp/mcuxpressoide_11.2.0_4120/ide/plugins/com.nxp.mcuxpresso.tools.win32_11.2.0.202001021529/tools/bin/../lib/gcc/arm-none-eabi/9.2.1/thumb/v6-m/nofp\libcr_eabihelpers.a(double.o)
                0x00003d90                __bhs_ul2d
 .text.__aeabi_dcmpeq
                0x00003e3c       0x30 c:/nxp/mcuxpressoide_11.2.0_4120/ide/plugins/com.nxp.mcuxpresso.tools.win32_11.2.0.202001021529/tools/bin/../lib/gcc/arm-none-eabi/9.2.1/thumb/v6-m/nofp\libcr_eabihelpers.a(double.o)
                0x00003e3c                __aeabi_dcmpeq
 .text.__aeabi_dcmplt
                0x00003e6c       0x60 c:/nxp/mcuxpressoide_11.2.0_4120/ide/plugins/com.nxp.mcuxpresso.tools.win32_11.2.0.202001021529/tools/bin/../lib/gcc/arm-none-eabi/9.2.1/thumb/v6-m/nofp\libcr_eabihelpers.a(double.o)
                0x00003e6c                __aeabi_dcmplt
 .text.__aeabi_dcmpgt
                0x00003ecc       0x5c c:/nxp/mcuxpressoide_11.2.0_4120/ide/plugins/com.nxp.mcuxpresso.tools.win32_11.2.0.202001021529/tools/bin/../lib/gcc/arm-none-eabi/9.2.1/thumb/v6-m/nofp\libcr_eabihelpers.a(double.o)
                0x00003ecc                __aeabi_dcmpgt
 .text.__aeabi_dcmple
                0x00003f28       0x60 c:/nxp/mcuxpressoide_11.2.0_4120/ide/plugins/com.nxp.mcuxpresso.tools.win32_11.2.0.202001021529/tools/bin/../lib/gcc/arm-none-eabi/9.2.1/thumb/v6-m/nofp\libcr_eabihelpers.a(double.o)
                0x00003f28                __aeabi_dcmple
 .text.__aeabi_dcmpge
                0x00003f88       0x64 c:/nxp/mcuxpressoide_11.2.0_4120/ide/plugins/com.nxp.mcuxpresso.tools.win32_11.2.0.202001021529/tools/bin/../lib/gcc/arm-none-eabi/9.2.1/thumb/v6-m/nofp\libcr_eabihelpers.a(double.o)
                0x00003f88                __aeabi_dcmpge
 .text.UART_EnableTx
                0x00003fec       0x40 ./utilities/fsl_debug_console.o
 .text.UART_EnableRx
                0x0000402c       0x40 ./utilities/fsl_debug_console.o
 .text.LPSCI_EnableTx
                0x0000406c       0x40 ./utilities/fsl_debug_console.o
 .text.LPSCI_EnableRx
                0x000040ac       0x40 ./utilities/fsl_debug_console.o
 .text.DbgConsole_PrintfPaddingCharacter
                0x000040ec       0x48 ./utilities/fsl_debug_console.o
 .text.DbgConsole_ConvertRadixNumToString
                0x00004134      0x114 ./utilities/fsl_debug_console.o
 .text.DbgConsole_PrintfFormattedData
                0x00004248      0x378 ./utilities/fsl_debug_console.o
 .text.PWM_Init
                0x000045c0       0x28 ./source/PWM.o
                0x000045c0                PWM_Init
 .text.init_mma
                0x000045e8       0x16 ./source/mma8451.o
                0x000045e8                init_mma
 .text.Roll_Controller
                0x000045fe       0x32 ./source/stabilizer.o
                0x000045fe                Roll_Controller
 .text.Pitch_Controller
                0x00004630       0x32 ./source/stabilizer.o
                0x00004630                Pitch_Controller
 .text.OSC_SetExtRefClkConfig
                0x00004662       0x3e ./drivers/fsl_clock.o
 .text.OSC_SetCapLoad
                0x000046a0       0x42 ./drivers/fsl_clock.o
 .text.CLOCK_GetPll0RefFreq
                0x000046e2       0x10 ./drivers/fsl_clock.o
 .text.CLOCK_SetExternalRefClkConfig
                0x000046f2       0x16 ./drivers/fsl_clock.o
                0x000046f2                CLOCK_SetExternalRefClkConfig
 .text.LPSCI_GetStatusFlags
                0x00004708       0x26 ./drivers/fsl_lpsci.o
                0x00004708                LPSCI_GetStatusFlags
 .text.UART_GetStatusFlags
                0x0000472e       0x26 ./drivers/fsl_uart.o
                0x0000472e                UART_GetStatusFlags
 .text.UART_WriteBlocking
                0x00004754       0x3c ./drivers/fsl_uart.o
                0x00004754                UART_WriteBlocking
 .text.BOARD_InitBootClocks
                0x00004790        0xe ./board/clock_config.o
                0x00004790                BOARD_InitBootClocks
 .text.BOARD_InitBootPeripherals
                0x0000479e        0xa ./board/peripherals.o
                0x0000479e                BOARD_InitBootPeripherals
 .text.BOARD_InitBootPins
                0x000047a8        0xe ./board/pin_mux.o
                0x000047a8                BOARD_InitBootPins
 .text.__main   0x000047b6        0xc c:/nxp/mcuxpressoide_11.2.0_4120/ide/plugins/com.nxp.mcuxpresso.tools.win32_11.2.0.202001021529/tools/bin/../lib/gcc/arm-none-eabi/9.2.1/../../../../arm-none-eabi/lib/thumb/v6-m/nofp\libcr_nohost_nf.a(_cr__main.o)
                0x000047b6                __main
 .text.memset   0x000047c2        0x8 c:/nxp/mcuxpressoide_11.2.0_4120/ide/plugins/com.nxp.mcuxpresso.tools.win32_11.2.0.202001021529/tools/bin/../lib/gcc/arm-none-eabi/9.2.1/../../../../arm-none-eabi/lib/thumb/v6-m/nofp\libcr_c.a(memset.o)
                0x000047c2                memset
 .text.fabs     0x000047ca       0x22 c:/nxp/mcuxpressoide_11.2.0_4120/ide/plugins/com.nxp.mcuxpresso.tools.win32_11.2.0.202001021529/tools/bin/../lib/gcc/arm-none-eabi/9.2.1/../../../../arm-none-eabi/lib/thumb/v6-m/nofp\libcr_c.a(fabs.o)
                0x000047ca                fabs
 .text.remove   0x000047ec       0x12 c:/nxp/mcuxpressoide_11.2.0_4120/ide/plugins/com.nxp.mcuxpresso.tools.win32_11.2.0.202001021529/tools/bin/../lib/gcc/arm-none-eabi/9.2.1/../../../../arm-none-eabi/lib/thumb/v6-m/nofp\libcr_c.a(remove.o)
                0x000047ec                remove
 .text.free     0x000047fe       0x2c c:/nxp/mcuxpressoide_11.2.0_4120/ide/plugins/com.nxp.mcuxpresso.tools.win32_11.2.0.202001021529/tools/bin/../lib/gcc/arm-none-eabi/9.2.1/../../../../arm-none-eabi/lib/thumb/v6-m/nofp\libcr_c.a(alloc.o)
                0x000047fe                free
 .text.__aeabi_division_idivmod
                0x0000482a       0x78 c:/nxp/mcuxpressoide_11.2.0_4120/ide/plugins/com.nxp.mcuxpresso.tools.win32_11.2.0.202001021529/tools/bin/../lib/gcc/arm-none-eabi/9.2.1/thumb/v6-m/nofp\libcr_eabihelpers.a(division_32.o)
                0x0000482a                __aeabi_idivmod
                0x0000482a                __aeabi_idiv
                0x00004830                __aeabi_uidivmod
                0x00004830                __aeabi_uidiv
 .text.__aeabi_division_idiv0
                0x000048a2        0x2 c:/nxp/mcuxpressoide_11.2.0_4120/ide/plugins/com.nxp.mcuxpresso.tools.win32_11.2.0.202001021529/tools/bin/../lib/gcc/arm-none-eabi/9.2.1/thumb/v6-m/nofp\libcr_eabihelpers.a(division_idiv0.o)
                0x000048a2                __aeabi_idiv0
 .text.__bhs_ui2d
                0x000048a4       0x5e c:/nxp/mcuxpressoide_11.2.0_4120/ide/plugins/com.nxp.mcuxpresso.tools.win32_11.2.0.202001021529/tools/bin/../lib/gcc/arm-none-eabi/9.2.1/thumb/v6-m/nofp\libcr_eabihelpers.a(double.o)
                0x000048a4                __bhs_ui2d
 .text.__aeabi_i2d
                0x00004902       0x18 c:/nxp/mcuxpressoide_11.2.0_4120/ide/plugins/com.nxp.mcuxpresso.tools.win32_11.2.0.202001021529/tools/bin/../lib/gcc/arm-none-eabi/9.2.1/thumb/v6-m/nofp\libcr_eabihelpers.a(double.o)
                0x00004902                __aeabi_i2d
 .text.__aeabi_ui2d
                0x0000491a        0xc c:/nxp/mcuxpressoide_11.2.0_4120/ide/plugins/com.nxp.mcuxpresso.tools.win32_11.2.0.202001021529/tools/bin/../lib/gcc/arm-none-eabi/9.2.1/thumb/v6-m/nofp\libcr_eabihelpers.a(double.o)
                0x0000491a                __aeabi_ui2d
 .text.__aeabi_l2d
                0x00004926       0x24 c:/nxp/mcuxpressoide_11.2.0_4120/ide/plugins/com.nxp.mcuxpresso.tools.win32_11.2.0.202001021529/tools/bin/../lib/gcc/arm-none-eabi/9.2.1/thumb/v6-m/nofp\libcr_eabihelpers.a(double.o)
                0x00004926                __aeabi_l2d
 .text.__aeabi_llong_lmul
                0x0000494a       0x2e c:/nxp/mcuxpressoide_11.2.0_4120/ide/plugins/com.nxp.mcuxpresso.tools.win32_11.2.0.202001021529/tools/bin/../lib/gcc/arm-none-eabi/9.2.1/thumb/v6-m/nofp\libcr_eabihelpers.a(llong.o)
                0x0000494a                __aeabi_lmul
 .text.__aeabi_memset_lowlevel
                0x00004978       0x2a c:/nxp/mcuxpressoide_11.2.0_4120/ide/plugins/com.nxp.mcuxpresso.tools.win32_11.2.0.202001021529/tools/bin/../lib/gcc/arm-none-eabi/9.2.1/thumb/v6-m/nofp\libcr_eabihelpers.a(memcpy.o)
                0x00004978                __aeabi_lowlevel_memset
 .text.__sys_close
                0x000049a2        0x6 c:/nxp/mcuxpressoide_11.2.0_4120/ide/plugins/com.nxp.mcuxpresso.tools.win32_11.2.0.202001021529/tools/bin/../lib/gcc/arm-none-eabi/9.2.1/../../../../arm-none-eabi/lib/thumb/v6-m/nofp\libcr_nohost_nf.a(__sys_close.o)
                0x000049a2                __sys_close
 .text.__sys_flen
                0x000049a8        0x6 c:/nxp/mcuxpressoide_11.2.0_4120/ide/plugins/com.nxp.mcuxpresso.tools.win32_11.2.0.202001021529/tools/bin/../lib/gcc/arm-none-eabi/9.2.1/../../../../arm-none-eabi/lib/thumb/v6-m/nofp\libcr_nohost_nf.a(__sys_flen.o)
                0x000049a8                __sys_flen
 .text.__sys_istty
                0x000049ae        0x6 c:/nxp/mcuxpressoide_11.2.0_4120/ide/plugins/com.nxp.mcuxpresso.tools.win32_11.2.0.202001021529/tools/bin/../lib/gcc/arm-none-eabi/9.2.1/../../../../arm-none-eabi/lib/thumb/v6-m/nofp\libcr_nohost_nf.a(__sys_istty.o)
                0x000049ae                __sys_istty
 .text.__sys_remove
                0x000049b4        0x6 c:/nxp/mcuxpressoide_11.2.0_4120/ide/plugins/com.nxp.mcuxpresso.tools.win32_11.2.0.202001021529/tools/bin/../lib/gcc/arm-none-eabi/9.2.1/../../../../arm-none-eabi/lib/thumb/v6-m/nofp\libcr_nohost_nf.a(__sys_remove.o)
                0x000049b4                __sys_remove
 .text.__sys_seek
                0x000049ba        0x6 c:/nxp/mcuxpressoide_11.2.0_4120/ide/plugins/com.nxp.mcuxpresso.tools.win32_11.2.0.202001021529/tools/bin/../lib/gcc/arm-none-eabi/9.2.1/../../../../arm-none-eabi/lib/thumb/v6-m/nofp\libcr_nohost_nf.a(__sys_seek.o)
                0x000049ba                __sys_seek
 .text.__sys_tmpnam
                0x000049c0        0x6 c:/nxp/mcuxpressoide_11.2.0_4120/ide/plugins/com.nxp.mcuxpresso.tools.win32_11.2.0.202001021529/tools/bin/../lib/gcc/arm-none-eabi/9.2.1/../../../../arm-none-eabi/lib/thumb/v6-m/nofp\libcr_nohost_nf.a(__sys_tmpnam.o)
                0x000049c0                __sys_tmpnam
 .text.__sys_write
                0x000049c6        0x4 c:/nxp/mcuxpressoide_11.2.0_4120/ide/plugins/com.nxp.mcuxpresso.tools.win32_11.2.0.202001021529/tools/bin/../lib/gcc/arm-none-eabi/9.2.1/../../../../arm-none-eabi/lib/thumb/v6-m/nofp\libcr_nohost_nf.a(__sys_write.o)
                0x000049c6                __sys_write
 *(SORT_BY_ALIGNMENT(.rodata) SORT_BY_ALIGNMENT(.rodata.*) SORT_BY_ALIGNMENT(.constdata) SORT_BY_ALIGNMENT(.constdata.*))
 *fill*         0x000049ca        0x6 ff
 .rodata.a1.3959
                0x000049d0       0x88 c:/nxp/mcuxpressoide_11.2.0_4120/ide/plugins/com.nxp.mcuxpresso.tools.win32_11.2.0.202001021529/tools/bin/../lib/gcc/arm-none-eabi/9.2.1/../../../../arm-none-eabi/lib/thumb/v6-m/nofp\libcr_c.a(pow.o)
 .rodata.a2.3960
                0x00004a58       0x40 c:/nxp/mcuxpressoide_11.2.0_4120/ide/plugins/com.nxp.mcuxpresso.tools.win32_11.2.0.202001021529/tools/bin/../lib/gcc/arm-none-eabi/9.2.1/../../../../arm-none-eabi/lib/thumb/v6-m/nofp\libcr_c.a(pow.o)
 .rodata.a.3949
                0x00004a98       0x20 c:/nxp/mcuxpressoide_11.2.0_4120/ide/plugins/com.nxp.mcuxpresso.tools.win32_11.2.0.202001021529/tools/bin/../lib/gcc/arm-none-eabi/9.2.1/../../../../arm-none-eabi/lib/thumb/v6-m/nofp\libcr_c.a(atan.o)
 .rodata.acc_callibrate.str1.4
                0x00004ab8        0xf ./source/callibrate.o
 *fill*         0x00004ac7        0x1 ff
 .rodata.convert_xyz_to_roll_pitch.str1.4
                0x00004ac8       0x19 ./source/mma8451.o
 *fill*         0x00004ae1        0x3 ff
 .rodata.CLOCK_GetMcgExtClkFreq.str1.4
                0x00004ae4       0x1f ./drivers/fsl_clock.o
 *fill*         0x00004b03        0x1 ff
 .rodata.CLOCK_GetPll0Freq.str1.4
                0x00004b04       0x1e ./drivers/fsl_clock.o
 *fill*         0x00004b22        0x2 ff
 .rodata.CLOCK_EnablePll0.str1.4
                0x00004b24       0x1a ./drivers/fsl_clock.o
 *fill*         0x00004b3e        0x2 ff
 .rodata.CLOCK_SetPbeMode.str1.4
                0x00004b40       0x1b ./drivers/fsl_clock.o
 *fill*         0x00004b5b        0x1 ff
 .rodata.CLOCK_BootToPeeMode.str1.4
                0x00004b5c       0x1b ./drivers/fsl_clock.o
 *fill*         0x00004b77        0x1 ff
 .rodata.fllFactorTable.5210
                0x00004b78       0x10 ./drivers/fsl_clock.o
 .rodata.__assertion_failed.str1.4
                0x00004b88        0x4 ./drivers/fsl_common.o
 .rodata.LPSCI_GetInstance.str1.4
                0x00004b8c       0x37 ./drivers/fsl_lpsci.o
 *fill*         0x00004bc3        0x1 ff
 .rodata.LPSCI_Init.str1.4
                0x00004bc4       0x44 ./drivers/fsl_lpsci.o
 .rodata.LPSCI_GetDefaultConfig.str1.4
                0x00004c08       0x1a ./drivers/fsl_lpsci.o
 *fill*         0x00004c22        0x2 ff
 .rodata.LPSCI_WriteBlocking.str1.4
                0x00004c24       0x18 ./drivers/fsl_lpsci.o
 .rodata.LPSCI_ReadBlocking.str1.4
                0x00004c3c       0x18 ./drivers/fsl_lpsci.o
 .rodata.s_uartBases
                0x00004c54        0xc ./drivers/fsl_uart.o
 .rodata.s_uartClock
                0x00004c60        0xc ./drivers/fsl_uart.o
 .rodata.UART_GetInstance.str1.4
                0x00004c6c       0x2c ./drivers/fsl_uart.o
 .rodata.UART_Init.str1.4
                0x00004c98       0x43 ./drivers/fsl_uart.o
 *fill*         0x00004cdb        0x1 ff
 .rodata.UART_GetDefaultConfig.str1.4
                0x00004cdc       0x19 ./drivers/fsl_uart.o
 *fill*         0x00004cf5        0x3 ff
 .rodata.UART_ReadBlocking.str1.4
                0x00004cf8       0x17 ./drivers/fsl_uart.o
 *fill*         0x00004d0f        0x1 ff
 .rodata.mcgConfig_BOARD_BootClockRUN
                0x00004d10        0xa ./board/clock_config.o
                0x00004d10                mcgConfig_BOARD_BootClockRUN
 *fill*         0x00004d1a        0x2 ff
 .rodata.simConfig_BOARD_BootClockRUN
                0x00004d1c        0x8 ./board/clock_config.o
                0x00004d1c                simConfig_BOARD_BootClockRUN
 .rodata.oscConfig_BOARD_BootClockRUN
                0x00004d24        0x8 ./board/clock_config.o
                0x00004d24                oscConfig_BOARD_BootClockRUN
 .rodata.__num_Ciob_streams
                0x00004d2c        0x4 c:/nxp/mcuxpressoide_11.2.0_4120/ide/plugins/com.nxp.mcuxpresso.tools.win32_11.2.0.202001021529/tools/bin/../lib/gcc/arm-none-eabi/9.2.1/../../../../arm-none-eabi/lib/thumb/v6-m/nofp\libcr_nohost_nf.a(__ciob.o)
                0x00004d2c                __num_Ciob_streams
 .rodata._initio.str1.1
                0x00004d30        0x4 c:/nxp/mcuxpressoide_11.2.0_4120/ide/plugins/com.nxp.mcuxpresso.tools.win32_11.2.0.202001021529/tools/bin/../lib/gcc/arm-none-eabi/9.2.1/../../../../arm-none-eabi/lib/thumb/v6-m/nofp\libcr_c.a(initio.o)
                0x00004d34                . = ALIGN (0x4)

.glue_7         0x00004d34        0x0
 .glue_7        0x00004d34        0x0 linker stubs

.glue_7t        0x00004d34        0x0
 .glue_7t       0x00004d34        0x0 linker stubs

.vfp11_veneer   0x00004d34        0x0
 .vfp11_veneer  0x00004d34        0x0 linker stubs

.v4_bx          0x00004d34        0x0
 .v4_bx         0x00004d34        0x0 linker stubs

.iplt           0x00004d34        0x0
 .iplt          0x00004d34        0x0 ./utilities/fsl_debug_console.o

.rel.dyn        0x00004d34        0x0
 .rel.iplt      0x00004d34        0x0 ./utilities/fsl_debug_console.o

.ARM.extab
 *(SORT_BY_ALIGNMENT(.ARM.extab*) SORT_BY_ALIGNMENT(.gnu.linkonce.armextab.*))

.ARM.exidx      0x00004d34        0x0
                0x00004d34                __exidx_start = .
 *(SORT_BY_ALIGNMENT(.ARM.exidx*) SORT_BY_ALIGNMENT(.gnu.linkonce.armexidx.*))
                0x00004d34                __exidx_end = .
                0x00004d34                _etext = .

.m_usb_data
 *(SORT_BY_ALIGNMENT(m_usb_bdt))

.mtb_buffer_default
                0x1ffff000       0x80
 *(SORT_BY_ALIGNMENT(.mtb*))
 .mtb.$RAM1     0x1ffff000       0x80 ./source/mtb.o
                0x1ffff000                __mtb_buffer__

.uninit_RESERVED
                0x1ffff080        0x0
                0x1ffff080                _start_uninit_RESERVED = .
 *(SORT_BY_ALIGNMENT(.bss.$RESERVED*))
                0x1ffff080                . = ALIGN (0x4)
                0x1ffff080                _end_uninit_RESERVED = .

.data           0x1ffff080        0x8 load address 0x00004d34
 FILL mask 0xff
                0x1ffff080                _data = .
                [!provide]                PROVIDE (__start_data_RAM = .)
                [!provide]                PROVIDE (__start_data_SRAM = .)
 *(SORT_BY_ALIGNMENT(vtable))
 *(SORT_BY_ALIGNMENT(.ramfunc*))
 *(SORT_BY_ALIGNMENT(CodeQuickAccess))
 *(SORT_BY_ALIGNMENT(DataQuickAccess))
 *(SORT_BY_ALIGNMENT(RamFunction))
 *(SORT_BY_ALIGNMENT(.data*))
 .data.s_slowIrcFreq
                0x1ffff080        0x4 ./drivers/fsl_clock.o
 .data.SystemCoreClock
                0x1ffff084        0x4 ./CMSIS/system_MKL25Z4.o
                0x1ffff084                SystemCoreClock
                0x1ffff088                . = ALIGN (0x4)
                0x1ffff088                _edata = .
                [!provide]                PROVIDE (__end_data_RAM = .)
                [!provide]                PROVIDE (__end_data_SRAM = .)

.igot.plt       0x1ffff088        0x0 load address 0x00004d3c
 .igot.plt      0x1ffff088        0x0 ./utilities/fsl_debug_console.o

.bss            0x1ffff088      0x104
                0x1ffff088                _bss = .
                [!provide]                PROVIDE (__start_bss_RAM = .)
                [!provide]                PROVIDE (__start_bss_SRAM = .)
 *(SORT_BY_ALIGNMENT(.bss*))
 .bss.s_debugConsole
                0x1ffff088       0x10 ./utilities/fsl_debug_console.o
 .bss.INT_Flag  0x1ffff098        0x4 ./source/GPIO_Interrupt.o
                0x1ffff098                INT_Flag
 .bss.lock_detection
                0x1ffff09c        0x4 ./source/i2c.o
                0x1ffff09c                lock_detection
 .bss.i2c_lock  0x1ffff0a0        0x4 ./source/i2c.o
                0x1ffff0a0                i2c_lock
 .bss.roll      0x1ffff0a4        0x4 ./source/mma8451.o
                0x1ffff0a4                roll
 .bss.pitch     0x1ffff0a8        0x4 ./source/mma8451.o
                0x1ffff0a8                pitch
 .bss.count.5463
                0x1ffff0ac        0x4 ./source/mma8451.o
 .bss.g_xtal0Freq
                0x1ffff0b0        0x4 ./drivers/fsl_clock.o
                0x1ffff0b0                g_xtal0Freq
 .bss.s_lpsciHandle
                0x1ffff0b4        0x4 ./drivers/fsl_lpsci.o
 .bss.s_lpsciIsr
                0x1ffff0b8        0x4 ./drivers/fsl_lpsci.o
 .bss.s_uartHandle
                0x1ffff0bc        0xc ./drivers/fsl_uart.o
 .bss.s_uartIsr
                0x1ffff0c8        0x4 ./drivers/fsl_uart.o
 .bss.errno     0x1ffff0cc        0x4 c:/nxp/mcuxpressoide_11.2.0_4120/ide/plugins/com.nxp.mcuxpresso.tools.win32_11.2.0.202001021529/tools/bin/../lib/gcc/arm-none-eabi/9.2.1/../../../../arm-none-eabi/lib/thumb/v6-m/nofp\libcr_c.a(errno.o)
                0x1ffff0cc                errno
 .bss.__Ciob    0x1ffff0d0       0xb4 c:/nxp/mcuxpressoide_11.2.0_4120/ide/plugins/com.nxp.mcuxpresso.tools.win32_11.2.0.202001021529/tools/bin/../lib/gcc/arm-none-eabi/9.2.1/../../../../arm-none-eabi/lib/thumb/v6-m/nofp\libcr_nohost_nf.a(__ciob.o)
                0x1ffff0d0                __Ciob
 .bss.acc_X     0x1ffff184        0x2 ./source/mma8451.o
                0x1ffff184                acc_X
 .bss.acc_Y     0x1ffff186        0x2 ./source/mma8451.o
                0x1ffff186                acc_Y
 .bss.acc_Z     0x1ffff188        0x2 ./source/mma8451.o
                0x1ffff188                acc_Z
 *(SORT_BY_ALIGNMENT(COMMON))
                0x1ffff18c                . = ALIGN (0x4)
 *fill*         0x1ffff18a        0x2 
                0x1ffff18c                _ebss = .
                [!provide]                PROVIDE (__end_bss_RAM = .)
                [!provide]                PROVIDE (__end_bss_SRAM = .)
                [!provide]                PROVIDE (end = .)

.noinit         0x1ffff18c        0x0
                0x1ffff18c                _noinit = .
                [!provide]                PROVIDE (__start_noinit_RAM = .)
                [!provide]                PROVIDE (__start_noinit_SRAM = .)
 *(SORT_BY_ALIGNMENT(.noinit*))
                0x1ffff18c                . = ALIGN (0x4)
                0x1ffff18c                _end_noinit = .
                [!provide]                PROVIDE (__end_noinit_RAM = .)
                [!provide]                PROVIDE (__end_noinit_SRAM = .)
                0x00000400                _HeapSize = 0x400

.heap           0x1ffff18c      0x400
                0x1ffff18c                _pvHeapStart = .
                0x1ffff58c                . = (. + _HeapSize)
 *fill*         0x1ffff18c      0x400 
                0x1ffff58c                . = ALIGN (0x4)
                0x1ffff58c                _pvHeapLimit = .
                0x00000400                _StackSize = 0x400

.heap2stackfill
                0x1ffff58c      0x400
                0x1ffff98c                . = (. + _StackSize)
 *fill*         0x1ffff58c      0x400 

.stack          0x20002c00        0x0
                0x20002c00                _vStackBase = .
                0x20002c00                . = ALIGN (0x4)
                0x20003000                _vStackTop = (. + _StackSize)
                0x00000000                _image_start = LOADADDR (.text)
                0x00004d3c                _image_end = (LOADADDR (.data) + SIZEOF (.data))
                0x00004d3c                _image_size = (_image_end - _image_start)
OUTPUT(Drone_Stabilizer.axf elf32-littlearm)

.debug_info     0x00000000     0xa669
 .debug_info    0x00000000      0xfbd ./utilities/fsl_debug_console.o
 .debug_info    0x00000fbd      0x4df ./startup/startup_mkl25z4.o
 .debug_info    0x0000149c      0x570 ./source/Drone_Stabilizer.o
 .debug_info    0x00001a0c      0x6f4 ./source/GPIO_Interrupt.o
 .debug_info    0x00002100      0x417 ./source/LEDs.o
 .debug_info    0x00002517      0x93a ./source/PWM.o
 .debug_info    0x00002e51      0x3de ./source/callibrate.o
 .debug_info    0x0000322f      0x575 ./source/i2c.o
 .debug_info    0x000037a4      0x4b8 ./source/mma8451.o
 .debug_info    0x00003c5c       0x53 ./source/mtb.o
 .debug_info    0x00003caf       0x3c ./source/semihost_hardfault.o
 .debug_info    0x00003ceb      0x61e ./source/stabilizer.o
 .debug_info    0x00004309     0x1a97 ./drivers/fsl_clock.o
 .debug_info    0x00005da0      0x444 ./drivers/fsl_common.o
 .debug_info    0x000061e4     0x1469 ./drivers/fsl_lpsci.o
 .debug_info    0x0000764d     0x140a ./drivers/fsl_uart.o
 .debug_info    0x00008a57      0x6fa ./board/board.o
 .debug_info    0x00009151      0xb00 ./board/clock_config.o
 .debug_info    0x00009c51       0x3c ./board/peripherals.o
 .debug_info    0x00009c8d      0x5a3 ./board/pin_mux.o
 .debug_info    0x0000a230      0x439 ./CMSIS/system_MKL25Z4.o

.debug_abbrev   0x00000000     0x2360
 .debug_abbrev  0x00000000      0x2d7 ./utilities/fsl_debug_console.o
 .debug_abbrev  0x000002d7      0x18d ./startup/startup_mkl25z4.o
 .debug_abbrev  0x00000464      0x12e ./source/Drone_Stabilizer.o
 .debug_abbrev  0x00000592      0x1c4 ./source/GPIO_Interrupt.o
 .debug_abbrev  0x00000756      0x147 ./source/LEDs.o
 .debug_abbrev  0x0000089d      0x1c1 ./source/PWM.o
 .debug_abbrev  0x00000a5e      0x12c ./source/callibrate.o
 .debug_abbrev  0x00000b8a      0x1b4 ./source/i2c.o
 .debug_abbrev  0x00000d3e      0x132 ./source/mma8451.o
 .debug_abbrev  0x00000e70       0x46 ./source/mtb.o
 .debug_abbrev  0x00000eb6       0x31 ./source/semihost_hardfault.o
 .debug_abbrev  0x00000ee7      0x182 ./source/stabilizer.o
 .debug_abbrev  0x00001069      0x36f ./drivers/fsl_clock.o
 .debug_abbrev  0x000013d8      0x275 ./drivers/fsl_common.o
 .debug_abbrev  0x0000164d      0x309 ./drivers/fsl_lpsci.o
 .debug_abbrev  0x00001956      0x323 ./drivers/fsl_uart.o
 .debug_abbrev  0x00001c79      0x185 ./board/board.o
 .debug_abbrev  0x00001dfe      0x220 ./board/clock_config.o
 .debug_abbrev  0x0000201e       0x31 ./board/peripherals.o
 .debug_abbrev  0x0000204f      0x1bb ./board/pin_mux.o
 .debug_abbrev  0x0000220a      0x156 ./CMSIS/system_MKL25Z4.o

.debug_aranges  0x00000000      0x938
 .debug_aranges
                0x00000000       0x98 ./utilities/fsl_debug_console.o
 .debug_aranges
                0x00000098      0x160 ./startup/startup_mkl25z4.o
 .debug_aranges
                0x000001f8       0x20 ./source/Drone_Stabilizer.o
 .debug_aranges
                0x00000218       0x38 ./source/GPIO_Interrupt.o
 .debug_aranges
                0x00000250       0x28 ./source/LEDs.o
 .debug_aranges
                0x00000278       0x40 ./source/PWM.o
 .debug_aranges
                0x000002b8       0x30 ./source/callibrate.o
 .debug_aranges
                0x000002e8       0x58 ./source/i2c.o
 .debug_aranges
                0x00000340       0x30 ./source/mma8451.o
 .debug_aranges
                0x00000370       0x18 ./source/mtb.o
 .debug_aranges
                0x00000388       0x20 ./source/semihost_hardfault.o
 .debug_aranges
                0x000003a8       0x38 ./source/stabilizer.o
 .debug_aranges
                0x000003e0      0x1d8 ./drivers/fsl_clock.o
 .debug_aranges
                0x000005b8       0x38 ./drivers/fsl_common.o
 .debug_aranges
                0x000005f0      0x118 ./drivers/fsl_lpsci.o
 .debug_aranges
                0x00000708      0x130 ./drivers/fsl_uart.o
 .debug_aranges
                0x00000838       0x28 ./board/board.o
 .debug_aranges
                0x00000860       0x58 ./board/clock_config.o
 .debug_aranges
                0x000008b8       0x20 ./board/peripherals.o
 .debug_aranges
                0x000008d8       0x38 ./board/pin_mux.o
 .debug_aranges
                0x00000910       0x28 ./CMSIS/system_MKL25Z4.o

.debug_ranges   0x00000000      0x7e0
 .debug_ranges  0x00000000       0x88 ./utilities/fsl_debug_console.o
 .debug_ranges  0x00000088      0x150 ./startup/startup_mkl25z4.o
 .debug_ranges  0x000001d8       0x10 ./source/Drone_Stabilizer.o
 .debug_ranges  0x000001e8       0x28 ./source/GPIO_Interrupt.o
 .debug_ranges  0x00000210       0x18 ./source/LEDs.o
 .debug_ranges  0x00000228       0x30 ./source/PWM.o
 .debug_ranges  0x00000258       0x20 ./source/callibrate.o
 .debug_ranges  0x00000278       0x48 ./source/i2c.o
 .debug_ranges  0x000002c0       0x20 ./source/mma8451.o
 .debug_ranges  0x000002e0       0x10 ./source/semihost_hardfault.o
 .debug_ranges  0x000002f0       0x28 ./source/stabilizer.o
 .debug_ranges  0x00000318      0x1c8 ./drivers/fsl_clock.o
 .debug_ranges  0x000004e0       0x28 ./drivers/fsl_common.o
 .debug_ranges  0x00000508      0x108 ./drivers/fsl_lpsci.o
 .debug_ranges  0x00000610      0x120 ./drivers/fsl_uart.o
 .debug_ranges  0x00000730       0x18 ./board/board.o
 .debug_ranges  0x00000748       0x48 ./board/clock_config.o
 .debug_ranges  0x00000790       0x10 ./board/peripherals.o
 .debug_ranges  0x000007a0       0x28 ./board/pin_mux.o
 .debug_ranges  0x000007c8       0x18 ./CMSIS/system_MKL25Z4.o

.debug_macro    0x00000000    0x13933
 .debug_macro   0x00000000      0x127 ./utilities/fsl_debug_console.o
 .debug_macro   0x00000127      0xaae ./utilities/fsl_debug_console.o
 .debug_macro   0x00000bd5       0x10 ./utilities/fsl_debug_console.o
 .debug_macro   0x00000be5       0x16 ./utilities/fsl_debug_console.o
 .debug_macro   0x00000bfb       0x10 ./utilities/fsl_debug_console.o
 .debug_macro   0x00000c0b      0x12e ./utilities/fsl_debug_console.o
 .debug_macro   0x00000d39       0x28 ./utilities/fsl_debug_console.o
 .debug_macro   0x00000d61       0xc4 ./utilities/fsl_debug_console.o
 .debug_macro   0x00000e25       0x16 ./utilities/fsl_debug_console.o
 .debug_macro   0x00000e3b       0x22 ./utilities/fsl_debug_console.o
 .debug_macro   0x00000e5d      0x5b3 ./utilities/fsl_debug_console.o
 .debug_macro   0x00001410       0x10 ./utilities/fsl_debug_console.o
 .debug_macro   0x00001420       0x3f ./utilities/fsl_debug_console.o
 .debug_macro   0x0000145f       0x3a ./utilities/fsl_debug_console.o
 .debug_macro   0x00001499       0x26 ./utilities/fsl_debug_console.o
 .debug_macro   0x000014bf      0x329 ./utilities/fsl_debug_console.o
 .debug_macro   0x000017e8       0x30 ./utilities/fsl_debug_console.o
 .debug_macro   0x00001818     0x51e2 ./utilities/fsl_debug_console.o
 .debug_macro   0x000069fa     0x1352 ./utilities/fsl_debug_console.o
 .debug_macro   0x00007d4c       0x3a ./utilities/fsl_debug_console.o
 .debug_macro   0x00007d86       0xf4 ./utilities/fsl_debug_console.o
 .debug_macro   0x00007e7a       0x35 ./utilities/fsl_debug_console.o
 .debug_macro   0x00007eaf       0x2e ./utilities/fsl_debug_console.o
 .debug_macro   0x00007edd       0x10 ./utilities/fsl_debug_console.o
 .debug_macro   0x00007eed       0x10 ./utilities/fsl_debug_console.o
 .debug_macro   0x00007efd       0x29 ./startup/startup_mkl25z4.o
 .debug_macro   0x00007f26      0x194 ./source/Drone_Stabilizer.o
 .debug_macro   0x000080ba       0xa0 ./source/Drone_Stabilizer.o
 .debug_macro   0x0000815a       0x16 ./source/Drone_Stabilizer.o
 .debug_macro   0x00008170       0x10 ./source/Drone_Stabilizer.o
 .debug_macro   0x00008180      0x112 ./source/Drone_Stabilizer.o
 .debug_macro   0x00008292       0x34 ./source/Drone_Stabilizer.o
 .debug_macro   0x000082c6       0x1c ./source/Drone_Stabilizer.o
 .debug_macro   0x000082e2       0x6a ./source/Drone_Stabilizer.o
 .debug_macro   0x0000834c       0x10 ./source/Drone_Stabilizer.o
 .debug_macro   0x0000835c       0x10 ./source/Drone_Stabilizer.o
 .debug_macro   0x0000836c       0xaa ./source/GPIO_Interrupt.o
 .debug_macro   0x00008416       0x3f ./source/GPIO_Interrupt.o
 .debug_macro   0x00008455       0x34 ./source/GPIO_Interrupt.o
 .debug_macro   0x00008489     0x51e2 ./source/GPIO_Interrupt.o
 .debug_macro   0x0000d66b       0x97 ./source/LEDs.o
 .debug_macro   0x0000d702       0x3f ./source/LEDs.o
 .debug_macro   0x0000d741     0x51e2 ./source/LEDs.o
 .debug_macro   0x00012923      0x15d ./source/PWM.o
 .debug_macro   0x00012a80      0x15f ./source/callibrate.o
 .debug_macro   0x00012bdf       0x64 ./source/callibrate.o
 .debug_macro   0x00012c43       0xce ./source/i2c.o
 .debug_macro   0x00012d11      0x130 ./source/mma8451.o
 .debug_macro   0x00012e41       0x2f ./source/mtb.o
 .debug_macro   0x00012e70       0x82 ./source/mtb.o
 .debug_macro   0x00012ef2       0x10 ./source/mtb.o
 .debug_macro   0x00012f02       0x11 ./source/semihost_hardfault.o
 .debug_macro   0x00012f13      0x18a ./source/stabilizer.o
 .debug_macro   0x0001309d       0x1c ./source/stabilizer.o
 .debug_macro   0x000130b9      0x196 ./drivers/fsl_clock.o
 .debug_macro   0x0001324f       0x1c ./drivers/fsl_clock.o
 .debug_macro   0x0001326b       0xef ./drivers/fsl_common.o
 .debug_macro   0x0001335a       0xec ./drivers/fsl_lpsci.o
 .debug_macro   0x00013446       0xf2 ./drivers/fsl_uart.o
 .debug_macro   0x00013538      0x112 ./board/board.o
 .debug_macro   0x0001364a      0x123 ./board/clock_config.o
 .debug_macro   0x0001376d       0x1b ./board/peripherals.o
 .debug_macro   0x00013788      0x107 ./board/pin_mux.o
 .debug_macro   0x0001388f       0x10 ./board/pin_mux.o
 .debug_macro   0x0001389f       0x94 ./CMSIS/system_MKL25Z4.o

.debug_line     0x00000000     0x76df
 .debug_line    0x00000000      0xdea ./utilities/fsl_debug_console.o
 .debug_line    0x00000dea      0x1e7 ./startup/startup_mkl25z4.o
 .debug_line    0x00000fd1      0x4e7 ./source/Drone_Stabilizer.o
 .debug_line    0x000014b8      0x2d1 ./source/GPIO_Interrupt.o
 .debug_line    0x00001789      0x294 ./source/LEDs.o
 .debug_line    0x00001a1d      0x51d ./source/PWM.o
 .debug_line    0x00001f3a      0x75c ./source/callibrate.o
 .debug_line    0x00002696      0x3dd ./source/i2c.o
 .debug_line    0x00002a73      0x4c2 ./source/mma8451.o
 .debug_line    0x00002f35       0xd1 ./source/mtb.o
 .debug_line    0x00003006       0x59 ./source/semihost_hardfault.o
 .debug_line    0x0000305f      0x509 ./source/stabilizer.o
 .debug_line    0x00003568     0x130a ./drivers/fsl_clock.o
 .debug_line    0x00004872      0x462 ./drivers/fsl_common.o
 .debug_line    0x00004cd4      0xd83 ./drivers/fsl_lpsci.o
 .debug_line    0x00005a57      0xd72 ./drivers/fsl_uart.o
 .debug_line    0x000067c9      0x3d6 ./board/board.o
 .debug_line    0x00006b9f      0x415 ./board/clock_config.o
 .debug_line    0x00006fb4       0x5c ./board/peripherals.o
 .debug_line    0x00007010      0x39c ./board/pin_mux.o
 .debug_line    0x000073ac      0x333 ./CMSIS/system_MKL25Z4.o

.debug_str      0x00000000    0x36658
 .debug_str     0x00000000    0x31575 ./utilities/fsl_debug_console.o
                              0x31819 (size before relaxing)
 .debug_str     0x00031575      0x3e1 ./startup/startup_mkl25z4.o
                               0x3209 (size before relaxing)
 .debug_str     0x00031956     0x11dc ./source/Drone_Stabilizer.o
                              0x31d16 (size before relaxing)
 .debug_str     0x00032b32      0x31c ./source/GPIO_Interrupt.o
                              0x293e8 (size before relaxing)
 .debug_str     0x00032e4e       0x85 ./source/LEDs.o
                              0x28f20 (size before relaxing)
 .debug_str     0x00032ed3       0xc6 ./source/PWM.o
                              0x317e6 (size before relaxing)
 .debug_str     0x00032f99       0xcb ./source/callibrate.o
                              0x31009 (size before relaxing)
 .debug_str     0x00033064      0x224 ./source/i2c.o
                              0x29089 (size before relaxing)
 .debug_str     0x00033288       0x68 ./source/mma8451.o
                              0x313dc (size before relaxing)
 .debug_str     0x000332f0      0x532 ./source/mtb.o
                               0x3315 (size before relaxing)
 .debug_str     0x00033822       0x1f ./source/semihost_hardfault.o
                               0x2e02 (size before relaxing)
 .debug_str     0x00033841       0xb9 ./source/stabilizer.o
                              0x31d69 (size before relaxing)
 .debug_str     0x000338fa     0x14d2 ./drivers/fsl_clock.o
                              0x32310 (size before relaxing)
 .debug_str     0x00034dcc      0x142 ./drivers/fsl_common.o
                              0x308f7 (size before relaxing)
 .debug_str     0x00034f0e      0x96b ./drivers/fsl_lpsci.o
                              0x31918 (size before relaxing)
 .debug_str     0x00035879      0x832 ./drivers/fsl_uart.o
                              0x3193b (size before relaxing)
 .debug_str     0x000360ab       0x4c ./board/board.o
                              0x31455 (size before relaxing)
 .debug_str     0x000360f7      0x300 ./board/clock_config.o
                              0x3123e (size before relaxing)
 .debug_str     0x000363f7       0x31 ./board/peripherals.o
                               0x2e13 (size before relaxing)
 .debug_str     0x00036428      0x1e1 ./board/pin_mux.o
                              0x309a1 (size before relaxing)
 .debug_str     0x00036609       0x4f ./CMSIS/system_MKL25Z4.o
                              0x2fc7a (size before relaxing)

.comment        0x00000000       0x79
 .comment       0x00000000       0x79 ./utilities/fsl_debug_console.o
                                 0x7a (size before relaxing)
 .comment       0x00000079       0x7a ./startup/startup_mkl25z4.o
 .comment       0x00000079       0x7a ./source/Drone_Stabilizer.o
 .comment       0x00000079       0x7a ./source/GPIO_Interrupt.o
 .comment       0x00000079       0x7a ./source/LEDs.o
 .comment       0x00000079       0x7a ./source/PWM.o
 .comment       0x00000079       0x7a ./source/callibrate.o
 .comment       0x00000079       0x7a ./source/i2c.o
 .comment       0x00000079       0x7a ./source/mma8451.o
 .comment       0x00000079       0x7a ./source/mtb.o
 .comment       0x00000079       0x7a ./source/semihost_hardfault.o
 .comment       0x00000079       0x7a ./source/stabilizer.o
 .comment       0x00000079       0x7a ./drivers/fsl_clock.o
 .comment       0x00000079       0x7a ./drivers/fsl_common.o
 .comment       0x00000079       0x7a ./drivers/fsl_lpsci.o
 .comment       0x00000079       0x7a ./drivers/fsl_uart.o
 .comment       0x00000079       0x7a ./board/board.o
 .comment       0x00000079       0x7a ./board/clock_config.o
 .comment       0x00000079       0x7a ./board/peripherals.o
 .comment       0x00000079       0x7a ./board/pin_mux.o
 .comment       0x00000079       0x7a ./CMSIS/system_MKL25Z4.o
 .comment       0x00000079       0x7a c:/nxp/mcuxpressoide_11.2.0_4120/ide/plugins/com.nxp.mcuxpresso.tools.win32_11.2.0.202001021529/tools/bin/../lib/gcc/arm-none-eabi/9.2.1/../../../../arm-none-eabi/lib/thumb/v6-m/nofp\libcr_nohost_nf.a(_cr__main.o)
 .comment       0x00000079       0x7a c:/nxp/mcuxpressoide_11.2.0_4120/ide/plugins/com.nxp.mcuxpresso.tools.win32_11.2.0.202001021529/tools/bin/../lib/gcc/arm-none-eabi/9.2.1/../../../../arm-none-eabi/lib/thumb/v6-m/nofp\libcr_c.a(memset.o)
 .comment       0x00000079       0x7a c:/nxp/mcuxpressoide_11.2.0_4120/ide/plugins/com.nxp.mcuxpresso.tools.win32_11.2.0.202001021529/tools/bin/../lib/gcc/arm-none-eabi/9.2.1/../../../../arm-none-eabi/lib/thumb/v6-m/nofp\libcr_c.a(atan2.o)
 .comment       0x00000079       0x7a c:/nxp/mcuxpressoide_11.2.0_4120/ide/plugins/com.nxp.mcuxpresso.tools.win32_11.2.0.202001021529/tools/bin/../lib/gcc/arm-none-eabi/9.2.1/../../../../arm-none-eabi/lib/thumb/v6-m/nofp\libcr_c.a(errno.o)
 .comment       0x00000079       0x7a c:/nxp/mcuxpressoide_11.2.0_4120/ide/plugins/com.nxp.mcuxpresso.tools.win32_11.2.0.202001021529/tools/bin/../lib/gcc/arm-none-eabi/9.2.1/../../../../arm-none-eabi/lib/thumb/v6-m/nofp\libcr_c.a(fabs.o)
 .comment       0x00000079       0x7a c:/nxp/mcuxpressoide_11.2.0_4120/ide/plugins/com.nxp.mcuxpresso.tools.win32_11.2.0.202001021529/tools/bin/../lib/gcc/arm-none-eabi/9.2.1/../../../../arm-none-eabi/lib/thumb/v6-m/nofp\libcr_c.a(initio.o)
 .comment       0x00000079       0x7a c:/nxp/mcuxpressoide_11.2.0_4120/ide/plugins/com.nxp.mcuxpresso.tools.win32_11.2.0.202001021529/tools/bin/../lib/gcc/arm-none-eabi/9.2.1/../../../../arm-none-eabi/lib/thumb/v6-m/nofp\libcr_c.a(modf.o)
 .comment       0x00000079       0x7a c:/nxp/mcuxpressoide_11.2.0_4120/ide/plugins/com.nxp.mcuxpresso.tools.win32_11.2.0.202001021529/tools/bin/../lib/gcc/arm-none-eabi/9.2.1/../../../../arm-none-eabi/lib/thumb/v6-m/nofp\libcr_c.a(pow.o)
 .comment       0x00000079       0x7a c:/nxp/mcuxpressoide_11.2.0_4120/ide/plugins/com.nxp.mcuxpresso.tools.win32_11.2.0.202001021529/tools/bin/../lib/gcc/arm-none-eabi/9.2.1/../../../../arm-none-eabi/lib/thumb/v6-m/nofp\libcr_c.a(setvbuf.o)
 .comment       0x00000079       0x7a c:/nxp/mcuxpressoide_11.2.0_4120/ide/plugins/com.nxp.mcuxpresso.tools.win32_11.2.0.202001021529/tools/bin/../lib/gcc/arm-none-eabi/9.2.1/../../../../arm-none-eabi/lib/thumb/v6-m/nofp\libcr_c.a(sqrt.o)
 .comment       0x00000079       0x7a c:/nxp/mcuxpressoide_11.2.0_4120/ide/plugins/com.nxp.mcuxpresso.tools.win32_11.2.0.202001021529/tools/bin/../lib/gcc/arm-none-eabi/9.2.1/../../../../arm-none-eabi/lib/thumb/v6-m/nofp\libcr_c.a(strlen.o)
 .comment       0x00000079       0x7a c:/nxp/mcuxpressoide_11.2.0_4120/ide/plugins/com.nxp.mcuxpresso.tools.win32_11.2.0.202001021529/tools/bin/../lib/gcc/arm-none-eabi/9.2.1/../../../../arm-none-eabi/lib/thumb/v6-m/nofp\libcr_c.a(_fdopen.o)
 .comment       0x00000079       0x7a c:/nxp/mcuxpressoide_11.2.0_4120/ide/plugins/com.nxp.mcuxpresso.tools.win32_11.2.0.202001021529/tools/bin/../lib/gcc/arm-none-eabi/9.2.1/../../../../arm-none-eabi/lib/thumb/v6-m/nofp\libcr_c.a(atan.o)
 .comment       0x00000079       0x7a c:/nxp/mcuxpressoide_11.2.0_4120/ide/plugins/com.nxp.mcuxpresso.tools.win32_11.2.0.202001021529/tools/bin/../lib/gcc/arm-none-eabi/9.2.1/../../../../arm-none-eabi/lib/thumb/v6-m/nofp\libcr_c.a(fclose.o)
 .comment       0x00000079       0x7a c:/nxp/mcuxpressoide_11.2.0_4120/ide/plugins/com.nxp.mcuxpresso.tools.win32_11.2.0.202001021529/tools/bin/../lib/gcc/arm-none-eabi/9.2.1/../../../../arm-none-eabi/lib/thumb/v6-m/nofp\libcr_c.a(fflush.o)
 .comment       0x00000079       0x7a c:/nxp/mcuxpressoide_11.2.0_4120/ide/plugins/com.nxp.mcuxpresso.tools.win32_11.2.0.202001021529/tools/bin/../lib/gcc/arm-none-eabi/9.2.1/../../../../arm-none-eabi/lib/thumb/v6-m/nofp\libcr_c.a(frexp.o)
 .comment       0x00000079       0x7a c:/nxp/mcuxpressoide_11.2.0_4120/ide/plugins/com.nxp.mcuxpresso.tools.win32_11.2.0.202001021529/tools/bin/../lib/gcc/arm-none-eabi/9.2.1/../../../../arm-none-eabi/lib/thumb/v6-m/nofp\libcr_c.a(fseek.o)
 .comment       0x00000079       0x7a c:/nxp/mcuxpressoide_11.2.0_4120/ide/plugins/com.nxp.mcuxpresso.tools.win32_11.2.0.202001021529/tools/bin/../lib/gcc/arm-none-eabi/9.2.1/../../../../arm-none-eabi/lib/thumb/v6-m/nofp\libcr_c.a(ftell.o)
 .comment       0x00000079       0x7a c:/nxp/mcuxpressoide_11.2.0_4120/ide/plugins/com.nxp.mcuxpresso.tools.win32_11.2.0.202001021529/tools/bin/../lib/gcc/arm-none-eabi/9.2.1/../../../../arm-none-eabi/lib/thumb/v6-m/nofp\libcr_c.a(ldexp.o)
 .comment       0x00000079       0x7a c:/nxp/mcuxpressoide_11.2.0_4120/ide/plugins/com.nxp.mcuxpresso.tools.win32_11.2.0.202001021529/tools/bin/../lib/gcc/arm-none-eabi/9.2.1/../../../../arm-none-eabi/lib/thumb/v6-m/nofp\libcr_c.a(remove.o)
 .comment       0x00000079       0x7a c:/nxp/mcuxpressoide_11.2.0_4120/ide/plugins/com.nxp.mcuxpresso.tools.win32_11.2.0.202001021529/tools/bin/../lib/gcc/arm-none-eabi/9.2.1/../../../../arm-none-eabi/lib/thumb/v6-m/nofp\libcr_c.a(_do_fflush.o)
 .comment       0x00000079       0x7a c:/nxp/mcuxpressoide_11.2.0_4120/ide/plugins/com.nxp.mcuxpresso.tools.win32_11.2.0.202001021529/tools/bin/../lib/gcc/arm-none-eabi/9.2.1/../../../../arm-none-eabi/lib/thumb/v6-m/nofp\libcr_c.a(_fflush.o)
 .comment       0x00000079       0x7a c:/nxp/mcuxpressoide_11.2.0_4120/ide/plugins/com.nxp.mcuxpresso.tools.win32_11.2.0.202001021529/tools/bin/../lib/gcc/arm-none-eabi/9.2.1/../../../../arm-none-eabi/lib/thumb/v6-m/nofp\libcr_c.a(_writebuf.o)
 .comment       0x00000079       0x7a c:/nxp/mcuxpressoide_11.2.0_4120/ide/plugins/com.nxp.mcuxpresso.tools.win32_11.2.0.202001021529/tools/bin/../lib/gcc/arm-none-eabi/9.2.1/../../../../arm-none-eabi/lib/thumb/v6-m/nofp\libcr_c.a(alloc.o)
 .comment       0x00000079       0x7a c:/nxp/mcuxpressoide_11.2.0_4120/ide/plugins/com.nxp.mcuxpresso.tools.win32_11.2.0.202001021529/tools/bin/../lib/gcc/arm-none-eabi/9.2.1/../../../../arm-none-eabi/lib/thumb/v6-m/nofp\libcr_c.a(_deferredlazyseek.o)
 .comment       0x00000079       0x7a c:/nxp/mcuxpressoide_11.2.0_4120/ide/plugins/com.nxp.mcuxpresso.tools.win32_11.2.0.202001021529/tools/bin/../lib/gcc/arm-none-eabi/9.2.1/thumb/v6-m/nofp\libcr_eabihelpers.a(double.o)
 .comment       0x00000079       0x7a c:/nxp/mcuxpressoide_11.2.0_4120/ide/plugins/com.nxp.mcuxpresso.tools.win32_11.2.0.202001021529/tools/bin/../lib/gcc/arm-none-eabi/9.2.1/../../../../arm-none-eabi/lib/thumb/v6-m/nofp\libcr_nohost_nf.a(__ciob.o)
 .comment       0x00000079       0x7a c:/nxp/mcuxpressoide_11.2.0_4120/ide/plugins/com.nxp.mcuxpresso.tools.win32_11.2.0.202001021529/tools/bin/../lib/gcc/arm-none-eabi/9.2.1/../../../../arm-none-eabi/lib/thumb/v6-m/nofp\libcr_nohost_nf.a(__sys_close.o)
 .comment       0x00000079       0x7a c:/nxp/mcuxpressoide_11.2.0_4120/ide/plugins/com.nxp.mcuxpresso.tools.win32_11.2.0.202001021529/tools/bin/../lib/gcc/arm-none-eabi/9.2.1/../../../../arm-none-eabi/lib/thumb/v6-m/nofp\libcr_nohost_nf.a(__sys_flen.o)
 .comment       0x00000079       0x7a c:/nxp/mcuxpressoide_11.2.0_4120/ide/plugins/com.nxp.mcuxpresso.tools.win32_11.2.0.202001021529/tools/bin/../lib/gcc/arm-none-eabi/9.2.1/../../../../arm-none-eabi/lib/thumb/v6-m/nofp\libcr_nohost_nf.a(__sys_istty.o)
 .comment       0x00000079       0x7a c:/nxp/mcuxpressoide_11.2.0_4120/ide/plugins/com.nxp.mcuxpresso.tools.win32_11.2.0.202001021529/tools/bin/../lib/gcc/arm-none-eabi/9.2.1/../../../../arm-none-eabi/lib/thumb/v6-m/nofp\libcr_nohost_nf.a(__sys_remove.o)
 .comment       0x00000079       0x7a c:/nxp/mcuxpressoide_11.2.0_4120/ide/plugins/com.nxp.mcuxpresso.tools.win32_11.2.0.202001021529/tools/bin/../lib/gcc/arm-none-eabi/9.2.1/../../../../arm-none-eabi/lib/thumb/v6-m/nofp\libcr_nohost_nf.a(__sys_seek.o)
 .comment       0x00000079       0x7a c:/nxp/mcuxpressoide_11.2.0_4120/ide/plugins/com.nxp.mcuxpresso.tools.win32_11.2.0.202001021529/tools/bin/../lib/gcc/arm-none-eabi/9.2.1/../../../../arm-none-eabi/lib/thumb/v6-m/nofp\libcr_nohost_nf.a(__sys_tmpnam.o)
 .comment       0x00000079       0x7a c:/nxp/mcuxpressoide_11.2.0_4120/ide/plugins/com.nxp.mcuxpresso.tools.win32_11.2.0.202001021529/tools/bin/../lib/gcc/arm-none-eabi/9.2.1/../../../../arm-none-eabi/lib/thumb/v6-m/nofp\libcr_nohost_nf.a(__sys_write.o)

.ARM.attributes
                0x00000000       0x2a
 .ARM.attributes
                0x00000000       0x2c ./utilities/fsl_debug_console.o
 .ARM.attributes
                0x0000002c       0x2c ./startup/startup_mkl25z4.o
 .ARM.attributes
                0x00000058       0x2c ./source/Drone_Stabilizer.o
 .ARM.attributes
                0x00000084       0x2c ./source/GPIO_Interrupt.o
 .ARM.attributes
                0x000000b0       0x2c ./source/LEDs.o
 .ARM.attributes
                0x000000dc       0x2c ./source/PWM.o
 .ARM.attributes
                0x00000108       0x2c ./source/callibrate.o
 .ARM.attributes
                0x00000134       0x2c ./source/i2c.o
 .ARM.attributes
                0x00000160       0x2c ./source/mma8451.o
 .ARM.attributes
                0x0000018c       0x32 ./source/mtb.o
 .ARM.attributes
                0x000001be       0x2c ./source/semihost_hardfault.o
 .ARM.attributes
                0x000001ea       0x2c ./source/stabilizer.o
 .ARM.attributes
                0x00000216       0x2c ./drivers/fsl_clock.o
 .ARM.attributes
                0x00000242       0x2c ./drivers/fsl_common.o
 .ARM.attributes
                0x0000026e       0x2c ./drivers/fsl_lpsci.o
 .ARM.attributes
                0x0000029a       0x2c ./drivers/fsl_uart.o
 .ARM.attributes
                0x000002c6       0x2c ./board/board.o
 .ARM.attributes
                0x000002f2       0x2c ./board/clock_config.o
 .ARM.attributes
                0x0000031e       0x2c ./board/peripherals.o
 .ARM.attributes
                0x0000034a       0x2c ./board/pin_mux.o
 .ARM.attributes
                0x00000376       0x2c ./CMSIS/system_MKL25Z4.o
 .ARM.attributes
                0x000003a2       0x2c c:/nxp/mcuxpressoide_11.2.0_4120/ide/plugins/com.nxp.mcuxpresso.tools.win32_11.2.0.202001021529/tools/bin/../lib/gcc/arm-none-eabi/9.2.1/../../../../arm-none-eabi/lib/thumb/v6-m/nofp\libcr_nohost_nf.a(_cr__main.o)
 .ARM.attributes
                0x000003ce       0x2c c:/nxp/mcuxpressoide_11.2.0_4120/ide/plugins/com.nxp.mcuxpresso.tools.win32_11.2.0.202001021529/tools/bin/../lib/gcc/arm-none-eabi/9.2.1/../../../../arm-none-eabi/lib/thumb/v6-m/nofp\libcr_c.a(memset.o)
 .ARM.attributes
                0x000003fa       0x2c c:/nxp/mcuxpressoide_11.2.0_4120/ide/plugins/com.nxp.mcuxpresso.tools.win32_11.2.0.202001021529/tools/bin/../lib/gcc/arm-none-eabi/9.2.1/../../../../arm-none-eabi/lib/thumb/v6-m/nofp\libcr_c.a(atan2.o)
 .ARM.attributes
                0x00000426       0x31 c:/nxp/mcuxpressoide_11.2.0_4120/ide/plugins/com.nxp.mcuxpresso.tools.win32_11.2.0.202001021529/tools/bin/../lib/gcc/arm-none-eabi/9.2.1/../../../../arm-none-eabi/lib/thumb/v6-m/nofp\libcr_c.a(errno.o)
 .ARM.attributes
                0x00000457       0x2c c:/nxp/mcuxpressoide_11.2.0_4120/ide/plugins/com.nxp.mcuxpresso.tools.win32_11.2.0.202001021529/tools/bin/../lib/gcc/arm-none-eabi/9.2.1/../../../../arm-none-eabi/lib/thumb/v6-m/nofp\libcr_c.a(fabs.o)
 .ARM.attributes
                0x00000483       0x2c c:/nxp/mcuxpressoide_11.2.0_4120/ide/plugins/com.nxp.mcuxpresso.tools.win32_11.2.0.202001021529/tools/bin/../lib/gcc/arm-none-eabi/9.2.1/../../../../arm-none-eabi/lib/thumb/v6-m/nofp\libcr_c.a(initio.o)
 .ARM.attributes
                0x000004af       0x2c c:/nxp/mcuxpressoide_11.2.0_4120/ide/plugins/com.nxp.mcuxpresso.tools.win32_11.2.0.202001021529/tools/bin/../lib/gcc/arm-none-eabi/9.2.1/../../../../arm-none-eabi/lib/thumb/v6-m/nofp\libcr_c.a(modf.o)
 .ARM.attributes
                0x000004db       0x2c c:/nxp/mcuxpressoide_11.2.0_4120/ide/plugins/com.nxp.mcuxpresso.tools.win32_11.2.0.202001021529/tools/bin/../lib/gcc/arm-none-eabi/9.2.1/../../../../arm-none-eabi/lib/thumb/v6-m/nofp\libcr_c.a(pow.o)
 .ARM.attributes
                0x00000507       0x2c c:/nxp/mcuxpressoide_11.2.0_4120/ide/plugins/com.nxp.mcuxpresso.tools.win32_11.2.0.202001021529/tools/bin/../lib/gcc/arm-none-eabi/9.2.1/../../../../arm-none-eabi/lib/thumb/v6-m/nofp\libcr_c.a(setvbuf.o)
 .ARM.attributes
                0x00000533       0x2c c:/nxp/mcuxpressoide_11.2.0_4120/ide/plugins/com.nxp.mcuxpresso.tools.win32_11.2.0.202001021529/tools/bin/../lib/gcc/arm-none-eabi/9.2.1/../../../../arm-none-eabi/lib/thumb/v6-m/nofp\libcr_c.a(sqrt.o)
 .ARM.attributes
                0x0000055f       0x2c c:/nxp/mcuxpressoide_11.2.0_4120/ide/plugins/com.nxp.mcuxpresso.tools.win32_11.2.0.202001021529/tools/bin/../lib/gcc/arm-none-eabi/9.2.1/../../../../arm-none-eabi/lib/thumb/v6-m/nofp\libcr_c.a(strlen.o)
 .ARM.attributes
                0x0000058b       0x2c c:/nxp/mcuxpressoide_11.2.0_4120/ide/plugins/com.nxp.mcuxpresso.tools.win32_11.2.0.202001021529/tools/bin/../lib/gcc/arm-none-eabi/9.2.1/../../../../arm-none-eabi/lib/thumb/v6-m/nofp\libcr_c.a(_fdopen.o)
 .ARM.attributes
                0x000005b7       0x2c c:/nxp/mcuxpressoide_11.2.0_4120/ide/plugins/com.nxp.mcuxpresso.tools.win32_11.2.0.202001021529/tools/bin/../lib/gcc/arm-none-eabi/9.2.1/../../../../arm-none-eabi/lib/thumb/v6-m/nofp\libcr_c.a(atan.o)
 .ARM.attributes
                0x000005e3       0x2c c:/nxp/mcuxpressoide_11.2.0_4120/ide/plugins/com.nxp.mcuxpresso.tools.win32_11.2.0.202001021529/tools/bin/../lib/gcc/arm-none-eabi/9.2.1/../../../../arm-none-eabi/lib/thumb/v6-m/nofp\libcr_c.a(fclose.o)
 .ARM.attributes
                0x0000060f       0x2c c:/nxp/mcuxpressoide_11.2.0_4120/ide/plugins/com.nxp.mcuxpresso.tools.win32_11.2.0.202001021529/tools/bin/../lib/gcc/arm-none-eabi/9.2.1/../../../../arm-none-eabi/lib/thumb/v6-m/nofp\libcr_c.a(fflush.o)
 .ARM.attributes
                0x0000063b       0x2c c:/nxp/mcuxpressoide_11.2.0_4120/ide/plugins/com.nxp.mcuxpresso.tools.win32_11.2.0.202001021529/tools/bin/../lib/gcc/arm-none-eabi/9.2.1/../../../../arm-none-eabi/lib/thumb/v6-m/nofp\libcr_c.a(frexp.o)
 .ARM.attributes
                0x00000667       0x2c c:/nxp/mcuxpressoide_11.2.0_4120/ide/plugins/com.nxp.mcuxpresso.tools.win32_11.2.0.202001021529/tools/bin/../lib/gcc/arm-none-eabi/9.2.1/../../../../arm-none-eabi/lib/thumb/v6-m/nofp\libcr_c.a(fseek.o)
 .ARM.attributes
                0x00000693       0x2c c:/nxp/mcuxpressoide_11.2.0_4120/ide/plugins/com.nxp.mcuxpresso.tools.win32_11.2.0.202001021529/tools/bin/../lib/gcc/arm-none-eabi/9.2.1/../../../../arm-none-eabi/lib/thumb/v6-m/nofp\libcr_c.a(ftell.o)
 .ARM.attributes
                0x000006bf       0x2c c:/nxp/mcuxpressoide_11.2.0_4120/ide/plugins/com.nxp.mcuxpresso.tools.win32_11.2.0.202001021529/tools/bin/../lib/gcc/arm-none-eabi/9.2.1/../../../../arm-none-eabi/lib/thumb/v6-m/nofp\libcr_c.a(ldexp.o)
 .ARM.attributes
                0x000006eb       0x2c c:/nxp/mcuxpressoide_11.2.0_4120/ide/plugins/com.nxp.mcuxpresso.tools.win32_11.2.0.202001021529/tools/bin/../lib/gcc/arm-none-eabi/9.2.1/../../../../arm-none-eabi/lib/thumb/v6-m/nofp\libcr_c.a(remove.o)
 .ARM.attributes
                0x00000717       0x2c c:/nxp/mcuxpressoide_11.2.0_4120/ide/plugins/com.nxp.mcuxpresso.tools.win32_11.2.0.202001021529/tools/bin/../lib/gcc/arm-none-eabi/9.2.1/../../../../arm-none-eabi/lib/thumb/v6-m/nofp\libcr_c.a(_do_fflush.o)
 .ARM.attributes
                0x00000743       0x2c c:/nxp/mcuxpressoide_11.2.0_4120/ide/plugins/com.nxp.mcuxpresso.tools.win32_11.2.0.202001021529/tools/bin/../lib/gcc/arm-none-eabi/9.2.1/../../../../arm-none-eabi/lib/thumb/v6-m/nofp\libcr_c.a(_fflush.o)
 .ARM.attributes
                0x0000076f       0x2c c:/nxp/mcuxpressoide_11.2.0_4120/ide/plugins/com.nxp.mcuxpresso.tools.win32_11.2.0.202001021529/tools/bin/../lib/gcc/arm-none-eabi/9.2.1/../../../../arm-none-eabi/lib/thumb/v6-m/nofp\libcr_c.a(_writebuf.o)
 .ARM.attributes
                0x0000079b       0x2c c:/nxp/mcuxpressoide_11.2.0_4120/ide/plugins/com.nxp.mcuxpresso.tools.win32_11.2.0.202001021529/tools/bin/../lib/gcc/arm-none-eabi/9.2.1/../../../../arm-none-eabi/lib/thumb/v6-m/nofp\libcr_c.a(alloc.o)
 .ARM.attributes
                0x000007c7       0x2c c:/nxp/mcuxpressoide_11.2.0_4120/ide/plugins/com.nxp.mcuxpresso.tools.win32_11.2.0.202001021529/tools/bin/../lib/gcc/arm-none-eabi/9.2.1/../../../../arm-none-eabi/lib/thumb/v6-m/nofp\libcr_c.a(_deferredlazyseek.o)
 .ARM.attributes
                0x000007f3       0x1c c:/nxp/mcuxpressoide_11.2.0_4120/ide/plugins/com.nxp.mcuxpresso.tools.win32_11.2.0.202001021529/tools/bin/../lib/gcc/arm-none-eabi/9.2.1/thumb/v6-m/nofp\libcr_eabihelpers.a(division_32.o)
 .ARM.attributes
                0x0000080f       0x1c c:/nxp/mcuxpressoide_11.2.0_4120/ide/plugins/com.nxp.mcuxpresso.tools.win32_11.2.0.202001021529/tools/bin/../lib/gcc/arm-none-eabi/9.2.1/thumb/v6-m/nofp\libcr_eabihelpers.a(division_idiv0.o)
 .ARM.attributes
                0x0000082b       0x2c c:/nxp/mcuxpressoide_11.2.0_4120/ide/plugins/com.nxp.mcuxpresso.tools.win32_11.2.0.202001021529/tools/bin/../lib/gcc/arm-none-eabi/9.2.1/thumb/v6-m/nofp\libcr_eabihelpers.a(double.o)
 .ARM.attributes
                0x00000857       0x1c c:/nxp/mcuxpressoide_11.2.0_4120/ide/plugins/com.nxp.mcuxpresso.tools.win32_11.2.0.202001021529/tools/bin/../lib/gcc/arm-none-eabi/9.2.1/thumb/v6-m/nofp\libcr_eabihelpers.a(llong.o)
 .ARM.attributes
                0x00000873       0x1c c:/nxp/mcuxpressoide_11.2.0_4120/ide/plugins/com.nxp.mcuxpresso.tools.win32_11.2.0.202001021529/tools/bin/../lib/gcc/arm-none-eabi/9.2.1/thumb/v6-m/nofp\libcr_eabihelpers.a(memcpy.o)
 .ARM.attributes
                0x0000088f       0x31 c:/nxp/mcuxpressoide_11.2.0_4120/ide/plugins/com.nxp.mcuxpresso.tools.win32_11.2.0.202001021529/tools/bin/../lib/gcc/arm-none-eabi/9.2.1/../../../../arm-none-eabi/lib/thumb/v6-m/nofp\libcr_nohost_nf.a(__ciob.o)
 .ARM.attributes
                0x000008c0       0x2c c:/nxp/mcuxpressoide_11.2.0_4120/ide/plugins/com.nxp.mcuxpresso.tools.win32_11.2.0.202001021529/tools/bin/../lib/gcc/arm-none-eabi/9.2.1/../../../../arm-none-eabi/lib/thumb/v6-m/nofp\libcr_nohost_nf.a(__sys_close.o)
 .ARM.attributes
                0x000008ec       0x2c c:/nxp/mcuxpressoide_11.2.0_4120/ide/plugins/com.nxp.mcuxpresso.tools.win32_11.2.0.202001021529/tools/bin/../lib/gcc/arm-none-eabi/9.2.1/../../../../arm-none-eabi/lib/thumb/v6-m/nofp\libcr_nohost_nf.a(__sys_flen.o)
 .ARM.attributes
                0x00000918       0x2c c:/nxp/mcuxpressoide_11.2.0_4120/ide/plugins/com.nxp.mcuxpresso.tools.win32_11.2.0.202001021529/tools/bin/../lib/gcc/arm-none-eabi/9.2.1/../../../../arm-none-eabi/lib/thumb/v6-m/nofp\libcr_nohost_nf.a(__sys_istty.o)
 .ARM.attributes
                0x00000944       0x2c c:/nxp/mcuxpressoide_11.2.0_4120/ide/plugins/com.nxp.mcuxpresso.tools.win32_11.2.0.202001021529/tools/bin/../lib/gcc/arm-none-eabi/9.2.1/../../../../arm-none-eabi/lib/thumb/v6-m/nofp\libcr_nohost_nf.a(__sys_remove.o)
 .ARM.attributes
                0x00000970       0x2c c:/nxp/mcuxpressoide_11.2.0_4120/ide/plugins/com.nxp.mcuxpresso.tools.win32_11.2.0.202001021529/tools/bin/../lib/gcc/arm-none-eabi/9.2.1/../../../../arm-none-eabi/lib/thumb/v6-m/nofp\libcr_nohost_nf.a(__sys_seek.o)
 .ARM.attributes
                0x0000099c       0x2c c:/nxp/mcuxpressoide_11.2.0_4120/ide/plugins/com.nxp.mcuxpresso.tools.win32_11.2.0.202001021529/tools/bin/../lib/gcc/arm-none-eabi/9.2.1/../../../../arm-none-eabi/lib/thumb/v6-m/nofp\libcr_nohost_nf.a(__sys_tmpnam.o)
 .ARM.attributes
                0x000009c8       0x2c c:/nxp/mcuxpressoide_11.2.0_4120/ide/plugins/com.nxp.mcuxpresso.tools.win32_11.2.0.202001021529/tools/bin/../lib/gcc/arm-none-eabi/9.2.1/../../../../arm-none-eabi/lib/thumb/v6-m/nofp\libcr_nohost_nf.a(__sys_write.o)

.debug_frame    0x00000000     0x1c40
 .debug_frame   0x00000000      0x214 ./utilities/fsl_debug_console.o
 .debug_frame   0x00000214      0x3b0 ./startup/startup_mkl25z4.o
 .debug_frame   0x000005c4       0x2c ./source/Drone_Stabilizer.o
 .debug_frame   0x000005f0       0x88 ./source/GPIO_Interrupt.o
 .debug_frame   0x00000678       0x4c ./source/LEDs.o
 .debug_frame   0x000006c4       0xac ./source/PWM.o
 .debug_frame   0x00000770       0x74 ./source/callibrate.o
 .debug_frame   0x000007e4      0x104 ./source/i2c.o
 .debug_frame   0x000008e8       0x70 ./source/mma8451.o
 .debug_frame   0x00000958       0x20 ./source/semihost_hardfault.o
 .debug_frame   0x00000978       0x90 ./source/stabilizer.o
 .debug_frame   0x00000a08      0x6e0 ./drivers/fsl_clock.o
 .debug_frame   0x000010e8       0x90 ./drivers/fsl_common.o
 .debug_frame   0x00001178      0x414 ./drivers/fsl_lpsci.o
 .debug_frame   0x0000158c      0x464 ./drivers/fsl_uart.o
 .debug_frame   0x000019f0       0x50 ./board/board.o
 .debug_frame   0x00001a40      0x100 ./board/clock_config.o
 .debug_frame   0x00001b40       0x2c ./board/peripherals.o
 .debug_frame   0x00001b6c       0x88 ./board/pin_mux.o
 .debug_frame   0x00001bf4       0x4c ./CMSIS/system_MKL25Z4.o

Cross Reference Table

Symbol                                            File
ADC0_DriverIRQHandler                             ./startup/startup_mkl25z4.o
ADC0_IRQHandler                                   ./startup/startup_mkl25z4.o
BOARD_BootClockRUN                                ./board/clock_config.o
BOARD_BootClockVLPR                               ./board/clock_config.o
BOARD_InitBootClocks                              ./board/clock_config.o
                                                  ./source/Drone_Stabilizer.o
BOARD_InitBootPeripherals                         ./board/peripherals.o
                                                  ./source/Drone_Stabilizer.o
BOARD_InitBootPins                                ./board/pin_mux.o
                                                  ./source/Drone_Stabilizer.o
BOARD_InitDebugConsole                            ./board/board.o
                                                  ./source/Drone_Stabilizer.o
BOARD_InitPins                                    ./board/pin_mux.o
CLOCK_BootToBlpeMode                              ./drivers/fsl_clock.o
CLOCK_BootToBlpiMode                              ./drivers/fsl_clock.o
                                                  ./board/clock_config.o
CLOCK_BootToFeeMode                               ./drivers/fsl_clock.o
CLOCK_BootToFeiMode                               ./drivers/fsl_clock.o
CLOCK_BootToPeeMode                               ./drivers/fsl_clock.o
                                                  ./board/clock_config.o
CLOCK_CalcPllDiv                                  ./drivers/fsl_clock.o
CLOCK_ClearStatusFlags                            ./drivers/fsl_clock.o
CLOCK_DeinitOsc0                                  ./drivers/fsl_clock.o
CLOCK_EnablePll0                                  ./drivers/fsl_clock.o
CLOCK_EnableUsbfs0Clock                           ./drivers/fsl_clock.o
CLOCK_ExternalModeToFbeModeQuick                  ./drivers/fsl_clock.o
CLOCK_FllStableDelay                              ./drivers/fsl_clock.o
CLOCK_GetBusClkFreq                               ./drivers/fsl_clock.o
CLOCK_GetCoreSysClkFreq                           ./drivers/fsl_clock.o
CLOCK_GetEr32kClkFreq                             ./drivers/fsl_clock.o
CLOCK_GetFixedFreqClkFreq                         ./drivers/fsl_clock.o
CLOCK_GetFlashClkFreq                             ./drivers/fsl_clock.o
CLOCK_GetFllFreq                                  ./drivers/fsl_clock.o
CLOCK_GetFreq                                     ./drivers/fsl_clock.o
CLOCK_GetInternalRefClkFreq                       ./drivers/fsl_clock.o
CLOCK_GetMode                                     ./drivers/fsl_clock.o
CLOCK_GetOsc0ErClkFreq                            ./drivers/fsl_clock.o
CLOCK_GetOutClkFreq                               ./drivers/fsl_clock.o
CLOCK_GetPlatClkFreq                              ./drivers/fsl_clock.o
CLOCK_GetPll0Freq                                 ./drivers/fsl_clock.o
CLOCK_GetPllFllSelClkFreq                         ./drivers/fsl_clock.o
                                                  ./board/board.o
CLOCK_GetStatusFlags                              ./drivers/fsl_clock.o
CLOCK_InitOsc0                                    ./drivers/fsl_clock.o
                                                  ./board/clock_config.o
CLOCK_InternalModeToFbiModeQuick                  ./drivers/fsl_clock.o
CLOCK_SetBlpeMode                                 ./drivers/fsl_clock.o
CLOCK_SetBlpiMode                                 ./drivers/fsl_clock.o
CLOCK_SetExternalRefClkConfig                     ./drivers/fsl_clock.o
CLOCK_SetFbeMode                                  ./drivers/fsl_clock.o
CLOCK_SetFbiMode                                  ./drivers/fsl_clock.o
CLOCK_SetFeeMode                                  ./drivers/fsl_clock.o
CLOCK_SetFeiMode                                  ./drivers/fsl_clock.o
CLOCK_SetInternalRefClkConfig                     ./drivers/fsl_clock.o
                                                  ./board/clock_config.o
CLOCK_SetMcgConfig                                ./drivers/fsl_clock.o
CLOCK_SetOsc0MonitorMode                          ./drivers/fsl_clock.o
CLOCK_SetPbeMode                                  ./drivers/fsl_clock.o
CLOCK_SetPeeMode                                  ./drivers/fsl_clock.o
CLOCK_SetPll0MonitorMode                          ./drivers/fsl_clock.o
CLOCK_SetSimConfig                                ./drivers/fsl_clock.o
                                                  ./board/clock_config.o
CLOCK_TrimInternalRefClk                          ./drivers/fsl_clock.o
CMP0_DriverIRQHandler                             ./startup/startup_mkl25z4.o
CMP0_IRQHandler                                   ./startup/startup_mkl25z4.o
Control_RGB_LEDs                                  ./source/LEDs.o
                                                  ./source/Drone_Stabilizer.o
DAC0_DriverIRQHandler                             ./startup/startup_mkl25z4.o
DAC0_IRQHandler                                   ./startup/startup_mkl25z4.o
DMA0_DriverIRQHandler                             ./startup/startup_mkl25z4.o
DMA0_IRQHandler                                   ./startup/startup_mkl25z4.o
DMA1_DriverIRQHandler                             ./startup/startup_mkl25z4.o
DMA1_IRQHandler                                   ./startup/startup_mkl25z4.o
DMA2_DriverIRQHandler                             ./startup/startup_mkl25z4.o
DMA2_IRQHandler                                   ./startup/startup_mkl25z4.o
DMA3_DriverIRQHandler                             ./startup/startup_mkl25z4.o
DMA3_IRQHandler                                   ./startup/startup_mkl25z4.o
DbgConsole_Deinit                                 ./utilities/fsl_debug_console.o
DbgConsole_Getchar                                ./utilities/fsl_debug_console.o
DbgConsole_Init                                   ./utilities/fsl_debug_console.o
                                                  ./board/board.o
DbgConsole_Printf                                 ./utilities/fsl_debug_console.o
                                                  ./drivers/fsl_common.o
                                                  ./source/mma8451.o
                                                  ./source/callibrate.o
DbgConsole_Putchar                                ./utilities/fsl_debug_console.o
DbgConsole_Scanf                                  ./utilities/fsl_debug_console.o
FLASH_Erase                                       ./drivers/fsl_flash.o
FLASH_EraseAll                                    ./drivers/fsl_flash.o
FLASH_EraseAllExecuteOnlySegments                 ./drivers/fsl_flash.o
FLASH_GetProperty                                 ./drivers/fsl_flash.o
FLASH_GetSecurityState                            ./drivers/fsl_flash.o
FLASH_Init                                        ./drivers/fsl_flash.o
FLASH_IsExecuteOnly                               ./drivers/fsl_flash.o
FLASH_IsProtected                                 ./drivers/fsl_flash.o
FLASH_PflashGetPrefetchSpeculation                ./drivers/fsl_flash.o
FLASH_PflashGetProtection                         ./drivers/fsl_flash.o
FLASH_PflashSetPrefetchSpeculation                ./drivers/fsl_flash.o
                                                  ./drivers/fsl_smc.o
FLASH_PflashSetProtection                         ./drivers/fsl_flash.o
FLASH_PrepareExecuteInRamFunctions                ./drivers/fsl_flash.o
FLASH_Program                                     ./drivers/fsl_flash.o
FLASH_ProgramOnce                                 ./drivers/fsl_flash.o
FLASH_ReadOnce                                    ./drivers/fsl_flash.o
FLASH_ReadResource                                ./drivers/fsl_flash.o
FLASH_SecurityBypass                              ./drivers/fsl_flash.o
FLASH_SetCallback                                 ./drivers/fsl_flash.o
FLASH_SetProperty                                 ./drivers/fsl_flash.o
FLASH_VerifyErase                                 ./drivers/fsl_flash.o
FLASH_VerifyEraseAll                              ./drivers/fsl_flash.o
FLASH_VerifyEraseAllExecuteOnlySegments           ./drivers/fsl_flash.o
FLASH_VerifyProgram                               ./drivers/fsl_flash.o
FTFA_DriverIRQHandler                             ./startup/startup_mkl25z4.o
FTFA_IRQHandler                                   ./startup/startup_mkl25z4.o
Flash_Config                                      ./startup/startup_mkl25z4.o
GPIO_ClearPinsInterruptFlags                      ./drivers/fsl_gpio.o
GPIO_GetPinsInterruptFlags                        ./drivers/fsl_gpio.o
GPIO_Int_Init                                     ./source/GPIO_Interrupt.o
                                                  ./source/Drone_Stabilizer.o
GPIO_PinInit                                      ./drivers/fsl_gpio.o
HardFault_Handler                                 ./source/semihost_hardfault.o
                                                  ./startup/startup_mkl25z4.o
I2C0_DriverIRQHandler                             ./startup/startup_mkl25z4.o
I2C0_IRQHandler                                   ./startup/startup_mkl25z4.o
I2C1_DriverIRQHandler                             ./startup/startup_mkl25z4.o
I2C1_IRQHandler                                   ./startup/startup_mkl25z4.o
INT_Flag                                          ./source/GPIO_Interrupt.o
                                                  ./source/Drone_Stabilizer.o
Init_RGB_LEDs                                     ./source/LEDs.o
                                                  ./source/Drone_Stabilizer.o
InstallIRQHandler                                 ./drivers/fsl_common.o
IntDefaultHandler                                 ./startup/startup_mkl25z4.o
LLWU_DriverIRQHandler                             ./startup/startup_mkl25z4.o
LLWU_IRQHandler                                   ./startup/startup_mkl25z4.o
LPSCI_ClearStatusFlags                            ./drivers/fsl_lpsci.o
LPSCI_Deinit                                      ./drivers/fsl_lpsci.o
                                                  ./utilities/fsl_debug_console.o
LPSCI_DisableInterrupts                           ./drivers/fsl_lpsci.o
LPSCI_EnableInterrupts                            ./drivers/fsl_lpsci.o
LPSCI_GetDefaultConfig                            ./drivers/fsl_lpsci.o
                                                  ./utilities/fsl_debug_console.o
LPSCI_GetEnabledInterrupts                        ./drivers/fsl_lpsci.o
LPSCI_GetInstance                                 ./drivers/fsl_lpsci.o
LPSCI_GetStatusFlags                              ./drivers/fsl_lpsci.o
LPSCI_Init                                        ./drivers/fsl_lpsci.o
                                                  ./utilities/fsl_debug_console.o
LPSCI_ReadBlocking                                ./drivers/fsl_lpsci.o